
  [32m[1mVITE[22m v5.4.21[39m  [2mready in [0m[1m1061[22m[2m[0m ms[22m

  [32m➜[39m  [1mLocal[22m:   [36mhttp://127.0.0.1:[1m5173[22m/[39m
[2m[32m  ➜[39m[22m[2m  press [22m[1mh + enter[22m[2m to show help[22m
[2m20:12:53[22m [36m[1m[vite][22m[39m [32mpage reload [39m[2mStandingWaveVisualRenderer_Session131.js[22m
[2m20:13:30[22m [36m[1m[vite][22m[39m [32mpage reload [39m[2mStandingWaveVisualRenderer_Session131.js[22m
[2m20:13:30[22m [36m[1m[vite][22m[39m [32mpage reload [39m[2mStandingWaveVisualRenderer_Session131.js[22m
[2m20:18:27[22m [36m[1m[vite][22m[39m [32mpage reload [39m[2mLinkResonanceFlowSystem_Session124.js[22m
[2m20:19:47[22m [36m[1m[vite][22m[39m [32mpage reload [39m[2mStandingWaveVisualRenderer_Session131.js[22m
[2m20:25:12[22m [36m[1m[vite][22m[39m [32mpage reload [39m[2mStandingWaveVisualRenderer_Session131.js[22m
[2m20:28:43[22m [36m[1m[vite][22m[39m [32mpage reload [39m[2mLinkRendererConduit.js[22m
[2m20:41:52[22m [36m[1m[vite][22m[39m [32mpage reload [39m[2mLinkResonanceFlowSystem_Session124.js[22m
[2m20:41:55[22m [36m[1m[vite][22m[39m [32mpage reload [39m[2mLinkResonanceFlowSystem_Session124.js[22m
[2m20:42:00[22m [36m[1m[vite][22m[39m [32mpage reload [39m[2mLinkResonanceFlowSystem_Session124.js[22m
[2m20:42:00[22m [36m[1m[vite][22m[39m [32mpage reload [39m[2mLinkResonanceFlowSystem_Session124.js[22m
[2m20:42:04[22m [36m[1m[vite][22m[39m [32mpage reload [39m[2mLinkResonanceFlowSystem_Session124.js[22m
[2m20:42:09[22m [36m[1m[vite][22m[39m [32mpage reload [39m[2mLinkResonanceFlowSystem_Session124.js[22m
[2m20:42:12[22m [36m[1m[vite][22m[39m [32mpage reload [39m[2mLinkResonanceFlowSystem_Session124.js[22m
[2m20:42:12[22m [36m[1m[vite][22m[39m [32mpage reload [39m[2mLinkResonanceFlowSystem_Session124.js[22m
[2m20:42:16[22m [36m[1m[vite][22m[39m [32mpage reload [39m[2mLinkResonanceFlowSystem_Session124.js[22m
[2m20:42:22[22m [36m[1m[vite][22m[39m [32mpage reload [39m[2mLinkResonanceFlowSystem_Session124.js[22m
[2m20:44:48[22m [36m[1m[vite][22m[39m [32mpage reload [39m[2mStandingWaveVisualRenderer_Session131.js[22m
[2m20:45:04[22m [36m[1m[vite][22m[39m [32mpage reload [39m[2mStandingWaveVisualRenderer_Session131.js[22m
[2m20:45:04[22m [36m[1m[vite][22m[39m [32mpage reload [39m[2mStandingWaveVisualRenderer_Session131.js[22m
[2m20:45:14[22m [36m[1m[vite][22m[39m [32mpage reload [39m[2mStandingWaveVisualRenderer_Session131.js[22m
[2m20:45:14[22m [36m[1m[vite][22m[39m [32mpage reload [39m[2mStandingWaveVisualRenderer_Session131.js[22m
[2m20:45:35[22m [36m[1m[vite][22m[39m [32mpage reload [39m[2mStandingWaveVisualRenderer_Session131.js[22m
[2m20:46:08[22m [36m[1m[vite][22m[39m [32mpage reload [39m[2mLinkEnergyWave.js[22m
[2m20:46:14[22m [36m[1m[vite][22m[39m [32mpage reload [39m[2mLinkVisualStateAdapter.js[22m
[2m20:46:20[22m [36m[1m[vite][22m[39m [32mpage reload [39m[2mLinkCorruptionSpreadAnimator.js[22m
[2m20:46:26[22m [36m[1m[vite][22m[39m [32mpage reload [39m[2mLinkDirectionalStreaks.js[22m
[2m20:46:34[22m [36m[1m[vite][22m[39m [32mpage reload [39m[2mLinkTrailParticleSystem.js[22m
[2m20:47:06[22m [36m[1m[vite][22m[39m [32mpage reload [39m[2mLinkHealingParticleSystem.js[22m
[2m20:47:06[22m [36m[1m[vite][22m[39m [32mpage reload [39m[2mLinkHealingParticleSystem.js[22m
[2m20:47:51[22m [36m[1m[vite][22m[39m [32mpage reload [39m[2mLinkTrailParticleSystem.js[22m
[2m20:47:57[22m [36m[1m[vite][22m[39m [32mpage reload [39m[2mLinkCorruptionSpreadAnimator.js[22m
[2m20:50:40[22m [36m[1m[vite][22m[39m [32mpage reload [39m[2mLinkRendererConduit.js[22m
[2m20:50:40[22m [36m[1m[vite][22m[39m [32mpage reload [39m[2mLinkRendererConduit.js[22m
[2m20:51:34[22m [36m[1m[vite][22m[39m [32mpage reload [39m[2mLinkRendererConduit.js[22m
[2m20:51:34[22m [36m[1m[vite][22m[39m [32mpage reload [39m[2mLinkRendererConduit.js[22m
[2m20:56:10[22m [36m[1m[vite][22m[39m [32mpage reload [39m[2mLinkRendererConduit.js[22m
[2m20:56:10[22m [36m[1m[vite][22m[39m [32mpage reload [39m[2mLinkRendererConduit.js[22m
[2m21:01:16[22m [36m[1m[vite][22m[39m [32mpage reload [39m[2mLinkRendererConduit.js[22m
[2m21:01:16[22m [36m[1m[vite][22m[39m [32mpage reload [39m[2mLinkRendererConduit.js[22m
[2m21:01:19[22m [36m[1m[vite][22m[39m [32mpage reload [39m[2mNodeLinkingSystem.js[22m
[2m21:01:20[22m [36m[1m[vite][22m[39m [32mpage reload [39m[2mNodeLinkingSystem.js[22m
[2m21:08:09[22m [36m[1m[vite][22m[39m [32mpage reload [39m[2mLinkRendererConduit.js[22m
[2m21:08:09[22m [36m[1m[vite][22m[39m [32mpage reload [39m[2mLinkRendererConduit.js[22m
[2m21:19:58[22m [36m[1m[vite][22m[39m [32mpage reload [39m[2mStandingWaveVisualRenderer_Session131.js[22m
[2m21:22:39[22m [36m[1m[vite][22m[39m [32mpage reload [39m[2mStandingWaveVisualRenderer_Session131.js[22m
[2m21:22:39[22m [36m[1m[vite][22m[39m [32mpage reload [39m[2mStandingWaveVisualRenderer_Session131.js[22m
[2m21:23:43[22m [36m[1m[vite][22m[39m [32mpage reload [39m[2mStandingWaveVisualRenderer_Session131.js[22m
[2m21:29:59[22m [36m[1m[vite][22m[39m [32mpage reload [39m[2mStandingWaveVisualRenderer_Session131.js[22m
[2m21:29:59[22m [36m[1m[vite][22m[39m [32mpage reload [39m[2mStandingWaveVisualRenderer_Session131.js[22m
[2m21:30:01[22m [36m[1m[vite][22m[39m [32mpage reload [39m[2mStandingWaveVisualRenderer_Session131.js[22m
[2m21:30:15[22m [36m[1m[vite][22m[39m [32mpage reload [39m[2mStandingWaveVisualRenderer_Session131.js[22m
[2m21:30:18[22m [36m[1m[vite][22m[39m [32mpage reload [39m[2mStandingWaveVisualRenderer_Session131.js[22m
[2m21:30:27[22m [36m[1m[vite][22m[39m [32mpage reload [39m[2mStandingWaveVisualRenderer_Session131.js[22m
[2m21:30:39[22m [36m[1m[vite][22m[39m [32mpage reload [39m[2mStandingWaveVisualRenderer_Session131.js[22m
