[?2026h[?25l[1Gpulling manifest ⠋ [K[?25h[?2026l[?2026h[?25l[1Gpulling manifest ⠙ [K[?25h[?2026l[?2026h[?25l[1Gpulling manifest ⠹ [K[?25h[?2026l[?2026h[?25l[1Gpulling manifest ⠸ [K[?25h[?2026l[?2026h[?25l[1Gpulling manifest ⠼ [K[?25h[?2026l[?2026h[?25l[1Gpulling manifest ⠴ [K[?25h[?2026l[?2026h[?25l[1Gpulling manifest ⠦ [K[?25h[?2026l[?2026h[?25l[1Gpulling manifest [K
pulling 60e05f210007:   8% ▕█                 ▏ 384 MB/4.7 GB                  [K[?25h[?2026l[?2026h[?25l[A[1Gpulling manifest [K
pulling 60e05f210007:   8% ▕█                 ▏ 384 MB/4.7 GB                  [K[?25h[?2026l[?2026h[?25l[A[1Gpulling manifest [K
pulling 60e05f210007:   8% ▕█                 ▏ 384 MB/4.7 GB                  [K[?25h[?2026l[?2026h[?25l[A[1Gpulling manifest [K
pulling 60e05f210007:   8% ▕█                 ▏ 384 MB/4.7 GB                  [K[?25h[?2026l[?2026h[?25l[A[1Gpulling manifest [K
pulling 60e05f210007:   8% ▕█                 ▏ 385 MB/4.7 GB                  [K[?25h[?2026l[?2026h[?25l[A[1Gpulling manifest [K
pulling 60e05f210007:   8% ▕█                 ▏ 385 MB/4.7 GB                  [K[?25h[?2026l[?2026h[?25l[A[1Gpulling manifest [K
pulling 60e05f210007:   8% ▕█                 ▏ 385 MB/4.7 GB                  [K[?25h[?2026l[?2026h[?25l[A[1Gpulling manifest [K
pulling 60e05f210007:   8% ▕█                 ▏ 386 MB/4.7 GB                  [K[?25h[?2026l[?2026h[?25l[A[1Gpulling manifest [K
pulling 60e05f210007:   8% ▕█                 ▏ 386 MB/4.7 GB                  [K[?25h[?2026l[?2026h[?25l[A[1Gpulling manifest [K
pulling 60e05f210007:   8% ▕█                 ▏ 386 MB/4.7 GB                  [K[?25h[?2026l[?2026h[?25l[A[1Gpulling manifest [K
pulling 60e05f210007:   8% ▕█                 ▏ 387 MB/4.7 GB  2.5 MB/s  28m44s[K[?25h[?2026l[?2026h[?25l[A[1Gpulling manifest [K
pulling 60e05f210007:   8% ▕█                 ▏ 387 MB/4.7 GB  2.5 MB/s  28m43s[K[?25h[?2026l[?2026h[?25l[A[1Gpulling manifest [K
pulling 60e05f210007:   8% ▕█                 ▏ 387 MB/4.7 GB  2.5 MB/s  28m43s[K[?25h[?2026l[?2026h[?25l[A[1Gpulling manifest [K
pulling 60e05f210007:   8% ▕█                 ▏ 388 MB/4.7 GB  2.5 MB/s  28m43s[K[?25h[?2026l[?2026h[?25l[A[1Gpulling manifest [K
pulling 60e05f210007:   8% ▕█                 ▏ 388 MB/4.7 GB  2.5 MB/s  28m43s[K[?25h[?2026l[?2026h[?25l[A[1Gpulling manifest [K
pulling 60e05f210007:   8% ▕█                 ▏ 389 MB/4.7 GB  2.5 MB/s  28m43s[K[?25h[?2026l[?2026h[?25l[A[1Gpulling manifest [K
pulling 60e05f210007:   8% ▕█                 ▏ 389 MB/4.7 GB  2.5 MB/s  28m43s[K[?25h[?2026l[?2026h[?25l[A[1Gpulling manifest [K
pulling 60e05f210007:   8% ▕█                 ▏ 389 MB/4.7 GB  2.5 MB/s  28m43s[K[?25h[?2026l[?2026h[?25l[A[1Gpulling manifest [K
pulling 60e05f210007:   8% ▕█                 ▏ 390 MB/4.7 GB  2.5 MB/s  28m42s[K[?25h[?2026l[?2026h[?25l[A[1Gpulling manifest [K
pulling 60e05f210007:   8% ▕█                 ▏ 390 MB/4.7 GB  2.5 MB/s  28m42s[K[?25h[?2026l[?2026h[?25l[A[1Gpulling manifest [K
pulling 60e05f210007:   8% ▕█                 ▏ 390 MB/4.7 GB  2.5 MB/s  28m42s[K[?25h[?2026l[?2026h[?25l[A[1Gpulling manifest [K
pulling 60e05f210007:   8% ▕█                 ▏ 391 MB/4.7 GB  3.2 MB/s  22m29s[K[?25h[?2026l[?2026h[?25l[A[1Gpulling manifest [K
pulling 60e05f210007:   8% ▕█                 ▏ 391 MB/4.7 GB  3.2 MB/s  22m29s[K[?25h[?2026l[?2026h[?25l[A[1Gpulling manifest [K
pulling 60e05f210007:   8% ▕█                 ▏ 391 MB/4.7 GB  3.2 MB/s  22m29s[K[?25h[?2026l[?2026h[?25l[A[1Gpulling manifest [K
pulling 60e05f210007:   8% ▕█                 ▏ 392 MB/4.7 GB  3.2 MB/s  22m29s[K[?25h[?2026l[?2026h[?25l[A[1Gpulling manifest [K
pulling 60e05f210007:   8% ▕█                 ▏ 392 MB/4.7 GB  3.2 MB/s  22m29s[K[?25h[?2026l[?2026h[?25l[A[1Gpulling manifest [K
pulling 60e05f210007:   8% ▕█                 ▏ 393 MB/4.7 GB  3.2 MB/s  22m28s[K[?25h[?2026l[?2026h[?25l[A[1Gpulling manifest [K
pulling 60e05f210007:   8% ▕█                 ▏ 393 MB/4.7 GB  3.2 MB/s  22m28s[K[?25h[?2026l[?2026h[?25l[A[1Gpulling manifest [K
pulling 60e05f210007:   8% ▕█                 ▏ 394 MB/4.7 GB  3.2 MB/s  22m28s[K[?25h[?2026l[?2026h[?25l[A[1Gpulling manifest [K
pulling 60e05f210007:   8% ▕█                 ▏ 394 MB/4.7 GB  3.2 MB/s  22m28s[K[?25h[?2026l[?2026h[?25l[A[1Gpulling manifest [K
pulling 60e05f210007:   8% ▕█                 ▏ 394 MB/4.7 GB  3.2 MB/s  22m28s[K[?25h[?2026l[?2026h[?25l[A[1Gpulling manifest [K
pulling 60e05f210007:   8% ▕█                 ▏ 395 MB/4.7 GB  3.4 MB/s  20m44s[K[?25h[?2026l[?2026h[?25l[A[1Gpulling manifest [K
pulling 60e05f210007:   8% ▕█                 ▏ 395 MB/4.7 GB  3.4 MB/s  20m44s[K[?25h[?2026l[?2026h[?25l[A[1Gpulling manifest [K
pulling 60e05f210007:   8% ▕█                 ▏ 395 MB/4.7 GB  3.4 MB/s  20m44s[K[?25h[?2026l[?2026h[?25l[A[1Gpulling manifest [K
pulling 60e05f210007:   8% ▕█                 ▏ 396 MB/4.7 GB  3.4 MB/s  20m44s[K[?25h[?2026l[?2026h[?25l[A[1Gpulling manifest [K
pulling 60e05f210007:   8% ▕█                 ▏ 396 MB/4.7 GB  3.4 MB/s  20m43s[K[?25h[?2026l[?2026h[?25l[A[1Gpulling manifest [K
pulling 60e05f210007:   8% ▕█                 ▏ 397 MB/4.7 GB  3.4 MB/s  20m43s[K[?25h[?2026l[?2026h[?25l[A[1Gpulling manifest [K
pulling 60e05f210007:   8% ▕█                 ▏ 397 MB/4.7 GB  3.4 MB/s  20m43s[K[?25h[?2026l[?2026h[?25l[A[1Gpulling manifest [K
pulling 60e05f210007:   8% ▕█                 ▏ 397 MB/4.7 GB  3.4 MB/s  20m43s[K[?25h[?2026l[?2026h[?25l[A[1Gpulling manifest [K
pulling 60e05f210007:   9% ▕█                 ▏ 398 MB/4.7 GB  3.4 MB/s  20m43s[K[?25h[?2026l[?2026h[?25l[A[1Gpulling manifest [K
pulling 60e05f210007:   9% ▕█                 ▏ 398 MB/4.7 GB  3.4 MB/s  20m43s[K[?25h[?2026l[?2026h[?25l[A[1Gpulling manifest [K
pulling 60e05f210007:   9% ▕█                 ▏ 398 MB/4.7 GB  3.5 MB/s   20m7s[K[?25h[?2026l[?2026h[?25l[A[1Gpulling manifest [K
pulling 60e05f210007:   9% ▕█                 ▏ 399 MB/4.7 GB  3.5 MB/s   20m7s[K[?25h[?2026l[?2026h[?25l[A[1Gpulling manifest [K
pulling 60e05f210007:   9% ▕█                 ▏ 399 MB/4.7 GB  3.5 MB/s   20m7s[K[?25h[?2026l[?2026h[?25l[A[1Gpulling manifest [K
pulling 60e05f210007:   9% ▕█                 ▏ 400 MB/4.7 GB  3.5 MB/s   20m7s[K[?25h[?2026l[?2026h[?25l[A[1Gpulling manifest [K
pulling 60e05f210007:   9% ▕█                 ▏ 400 MB/4.7 GB  3.5 MB/s   20m7s[K[?25h[?2026l[?2026h[?25l[A[1Gpulling manifest [K
pulling 60e05f210007:   9% ▕█                 ▏ 400 MB/4.7 GB  3.5 MB/s   20m7s[K[?25h[?2026l[?2026h[?25l[A[1Gpulling manifest [K
pulling 60e05f210007:   9% ▕█                 ▏ 401 MB/4.7 GB  3.5 MB/s   20m7s[K[?25h[?2026l[?2026h[?25l[A[1Gpulling manifest [K
pulling 60e05f210007:   9% ▕█                 ▏ 401 MB/4.7 GB  3.5 MB/s   20m6s[K[?25h[?2026l[?2026h[?25l[A[1Gpulling manifest [K
pulling 60e05f210007:   9% ▕█                 ▏ 402 MB/4.7 GB  3.5 MB/s   20m6s[K[?25h[?2026l[?2026h[?25l[A[1Gpulling manifest [K
pulling 60e05f210007:   9% ▕█                 ▏ 402 MB/4.7 GB  3.5 MB/s   20m6s[K[?25h[?2026l[?2026h[?25l[A[1Gpulling manifest [K
pulling 60e05f210007:   9% ▕█                 ▏ 402 MB/4.7 GB  3.6 MB/s  19m49s[K[?25h[?2026l[?2026h[?25l[A[1Gpulling manifest [K
pulling 60e05f210007:   9% ▕█                 ▏ 403 MB/4.7 GB  3.6 MB/s  19m49s[K[?25h[?2026l[?2026h[?25l[A[1Gpulling manifest [K
pulling 60e05f210007:   9% ▕█                 ▏ 403 MB/4.7 GB  3.6 MB/s  19m48s[K[?25h[?2026l[?2026h[?25l[A[1Gpulling manifest [K
pulling 60e05f210007:   9% ▕█                 ▏ 403 MB/4.7 GB  3.6 MB/s  19m48s[K[?25h[?2026l[?2026h[?25l[A[1Gpulling manifest [K
pulling 60e05f210007:   9% ▕█                 ▏ 404 MB/4.7 GB  3.6 MB/s  19m48s[K[?25h[?2026l[?2026h[?25l[A[1Gpulling manifest [K
pulling 60e05f210007:   9% ▕█                 ▏ 404 MB/4.7 GB  3.6 MB/s  19m48s[K[?25h[?2026l[?2026h[?25l[A[1Gpulling manifest [K
pulling 60e05f210007:   9% ▕█                 ▏ 405 MB/4.7 GB  3.6 MB/s  19m48s[K[?25h[?2026l[?2026h[?25l[A[1Gpulling manifest [K
pulling 60e05f210007:   9% ▕█                 ▏ 405 MB/4.7 GB  3.6 MB/s  19m48s[K[?25h[?2026l[?2026h[?25l[A[1Gpulling manifest [K
pulling 60e05f210007:   9% ▕█                 ▏ 405 MB/4.7 GB  3.6 MB/s  19m48s[K[?25h[?2026l[?2026h[?25l[A[1Gpulling manifest [K
pulling 60e05f210007:   9% ▕█                 ▏ 406 MB/4.7 GB  3.6 MB/s  19m48s[K[?25h[?2026l[?2026h[?25l[A[1Gpulling manifest [K
pulling 60e05f210007:   9% ▕█                 ▏ 406 MB/4.7 GB  3.6 MB/s  19m37s[K[?25h[?2026l[?2026h[?25l[A[1Gpulling manifest [K
pulling 60e05f210007:   9% ▕█                 ▏ 406 MB/4.7 GB  3.6 MB/s  19m37s[K[?25h[?2026l[?2026h[?25l[A[1Gpulling manifest [K
pulling 60e05f210007:   9% ▕█                 ▏ 407 MB/4.7 GB  3.6 MB/s  19m37s[K[?25h[?2026l[?2026h[?25l[A[1Gpulling manifest [K
pulling 60e05f210007:   9% ▕█                 ▏ 407 MB/4.7 GB  3.6 MB/s  19m36s[K[?25h[?2026l[?2026h[?25l[A[1Gpulling manifest [K
pulling 60e05f210007:   9% ▕█                 ▏ 407 MB/4.7 GB  3.6 MB/s  19m36s[K[?25h[?2026l[?2026h[?25l[A[1Gpulling manifest [K
pulling 60e05f210007:   9% ▕█                 ▏ 408 MB/4.7 GB  3.6 MB/s  19m36s[K[?25h[?2026l[?2026h[?25l[A[1Gpulling manifest [K
pulling 60e05f210007:   9% ▕█                 ▏ 408 MB/4.7 GB  3.6 MB/s  19m36s[K[?25h[?2026l[?2026h[?25l[A[1Gpulling manifest [K
pulling 60e05f210007:   9% ▕█                 ▏ 409 MB/4.7 GB  3.6 MB/s  19m36s[K[?25h[?2026l[?2026h[?25l[A[1Gpulling manifest [K
pulling 60e05f210007:   9% ▕█                 ▏ 409 MB/4.7 GB  3.6 MB/s  19m36s[K[?25h[?2026l[?2026h[?25l[A[1Gpulling manifest [K
pulling 60e05f210007:   9% ▕█                 ▏ 409 MB/4.7 GB  3.6 MB/s  19m36s[K[?25h[?2026l[?2026h[?25l[A[1Gpulling manifest [K
pulling 60e05f210007:   9% ▕█                 ▏ 410 MB/4.7 GB  3.6 MB/s  19m36s[K[?25h[?2026l[?2026h[?25l[A[1Gpulling manifest [K
pulling 60e05f210007:   9% ▕█                 ▏ 410 MB/4.7 GB  3.7 MB/s  19m20s[K[?25h[?2026l[?2026h[?25l[A[1Gpulling manifest [K
pulling 60e05f210007:   9% ▕█                 ▏ 411 MB/4.7 GB  3.7 MB/s  19m20s[K[?25h[?2026l[?2026h[?25l[A[1Gpulling manifest [K
pulling 60e05f210007:   9% ▕█                 ▏ 411 MB/4.7 GB  3.7 MB/s  19m20s[K[?25h[?2026l[?2026h[?25l[A[1Gpulling manifest [K
pulling 60e05f210007:   9% ▕█                 ▏ 411 MB/4.7 GB  3.7 MB/s  19m20s[K[?25h[?2026l[?2026h[?25l[A[1Gpulling manifest [K
pulling 60e05f210007:   9% ▕█                 ▏ 412 MB/4.7 GB  3.7 MB/s  19m20s[K[?25h[?2026l[?2026h[?25l[A[1Gpulling manifest [K
pulling 60e05f210007:   9% ▕█                 ▏ 412 MB/4.7 GB  3.7 MB/s  19m19s[K[?25h[?2026l[?2026h[?25l[A[1Gpulling manifest [K
pulling 60e05f210007:   9% ▕█                 ▏ 413 MB/4.7 GB  3.7 MB/s  19m19s[K[?25h[?2026l[?2026h[?25l[A[1Gpulling manifest [K
pulling 60e05f210007:   9% ▕█                 ▏ 413 MB/4.7 GB  3.7 MB/s  19m19s[K[?25h[?2026l[?2026h[?25l[A[1Gpulling manifest [K
pulling 60e05f210007:   9% ▕█                 ▏ 413 MB/4.7 GB  3.7 MB/s  19m19s[K[?25h[?2026l[?2026h[?25l[A[1Gpulling manifest [K
pulling 60e05f210007:   9% ▕█                 ▏ 414 MB/4.7 GB  3.7 MB/s  19m19s[K[?25h[?2026l[?2026h[?25l[A[1Gpulling manifest [K
pulling 60e05f210007:   9% ▕█                 ▏ 414 MB/4.7 GB  3.7 MB/s  19m16s[K[?25h[?2026l[?2026h[?25l[A[1Gpulling manifest [K
pulling 60e05f210007:   9% ▕█                 ▏ 414 MB/4.7 GB  3.7 MB/s  19m16s[K[?25h[?2026l[?2026h[?25l[A[1Gpulling manifest [K
pulling 60e05f210007:   9% ▕█                 ▏ 415 MB/4.7 GB  3.7 MB/s  19m16s[K[?25h[?2026l[?2026h[?25l[A[1Gpulling manifest [K
pulling 60e05f210007:   9% ▕█                 ▏ 415 MB/4.7 GB  3.7 MB/s  19m16s[K[?25h[?2026l[?2026h[?25l[A[1Gpulling manifest [K
pulling 60e05f210007:   9% ▕█                 ▏ 415 MB/4.7 GB  3.7 MB/s  19m16s[K[?25h[?2026l[?2026h[?25l[A[1Gpulling manifest [K
pulling 60e05f210007:   9% ▕█                 ▏ 416 MB/4.7 GB  3.7 MB/s  19m16s[K[?25h[?2026l[?2026h[?25l[A[1Gpulling manifest [K
pulling 60e05f210007:   9% ▕█                 ▏ 416 MB/4.7 GB  3.7 MB/s  19m16s[K[?25h[?2026l[?2026h[?25l[A[1Gpulling manifest [K
pulling 60e05f210007:   9% ▕█                 ▏ 417 MB/4.7 GB  3.7 MB/s  19m15s[K[?25h[?2026l[?2026h[?25l[A[1Gpulling manifest [K
pulling 60e05f210007:   9% ▕█                 ▏ 417 MB/4.7 GB  3.7 MB/s  19m15s[K[?25h[?2026l[?2026h[?25l[A[1Gpulling manifest [K
pulling 60e05f210007:   9% ▕█                 ▏ 417 MB/4.7 GB  3.7 MB/s  19m15s[K[?25h[?2026l[?2026h[?25l[A[1Gpulling manifest [K
pulling 60e05f210007:   9% ▕█                 ▏ 418 MB/4.7 GB  3.7 MB/s   19m9s[K[?25h[?2026l[?2026h[?25l[A[1Gpulling manifest [K
pulling 60e05f210007:   9% ▕█                 ▏ 418 MB/4.7 GB  3.7 MB/s   19m9s[K[?25h[?2026l[?2026h[?25l[A[1Gpulling manifest [K
pulling 60e05f210007:   9% ▕█                 ▏ 419 MB/4.7 GB  3.7 MB/s   19m9s[K[?25h[?2026l[?2026h[?25l[A[1Gpulling manifest [K
pulling 60e05f210007:   9% ▕█                 ▏ 419 MB/4.7 GB  3.7 MB/s   19m8s[K[?25h[?2026l[?2026h[?25l[A[1Gpulling manifest [K
pulling 60e05f210007:   9% ▕█                 ▏ 419 MB/4.7 GB  3.7 MB/s   19m8s[K[?25h[?2026l[?2026h[?25l[A[1Gpulling manifest [K
pulling 60e05f210007:   9% ▕█                 ▏ 420 MB/4.7 GB  3.7 MB/s   19m8s[K[?25h[?2026l[?2026h[?25l[A[1Gpulling manifest [K
pulling 60e05f210007:   9% ▕█                 ▏ 420 MB/4.7 GB  3.7 MB/s   19m8s[K[?25h[?2026l[?2026h[?25l[A[1Gpulling manifest [K
pulling 60e05f210007:   9% ▕█                 ▏ 420 MB/4.7 GB  3.7 MB/s   19m8s[K[?25h[?2026l[?2026h[?25l[A[1Gpulling manifest [K
pulling 60e05f210007:   9% ▕█                 ▏ 421 MB/4.7 GB  3.7 MB/s   19m8s[K[?25h[?2026l[?2026h[?25l[A[1Gpulling manifest [K
pulling 60e05f210007:   9% ▕█                 ▏ 421 MB/4.7 GB  3.7 MB/s   19m8s[K[?25h[?2026l[?2026h[?25l[A[1Gpulling manifest [K
pulling 60e05f210007:   9% ▕█                 ▏ 421 MB/4.7 GB  3.8 MB/s  18m32s[K[?25h[?2026l[?2026h[?25l[A[1Gpulling manifest [K
pulling 60e05f210007:   9% ▕█                 ▏ 422 MB/4.7 GB  3.8 MB/s  18m32s[K[?25h[?2026l[?2026h[?25l[A[1Gpulling manifest [K
pulling 60e05f210007:   9% ▕█                 ▏ 422 MB/4.7 GB  3.8 MB/s  18m32s[K[?25h[?2026l[?2026h[?25l[A[1Gpulling manifest [K
pulling 60e05f210007:   9% ▕█                 ▏ 422 MB/4.7 GB  3.8 MB/s  18m32s[K[?25h[?2026l[?2026h[?25l[A[1Gpulling manifest [K
pulling 60e05f210007:   9% ▕█                 ▏ 423 MB/4.7 GB  3.8 MB/s  18m32s[K[?25h[?2026l[?2026h[?25l[A[1Gpulling manifest [K
pulling 60e05f210007:   9% ▕█                 ▏ 423 MB/4.7 GB  3.8 MB/s  18m32s[K[?25h[?2026l[?2026h[?25l[A[1Gpulling manifest [K
pulling 60e05f210007:   9% ▕█                 ▏ 423 MB/4.7 GB  3.8 MB/s  18m31s[K[?25h[?2026l[?2026h[?25l[A[1Gpulling manifest [K
pulling 60e05f210007:   9% ▕█                 ▏ 423 MB/4.7 GB  3.8 MB/s  18m31s[K[?25h[?2026l[?2026h[?25l[A[1Gpulling manifest [K
pulling 60e05f210007:   9% ▕█                 ▏ 424 MB/4.7 GB  3.8 MB/s  18m31s[K[?25h[?2026l[?2026h[?25l[A[1Gpulling manifest [K
pulling 60e05f210007:   9% ▕█                 ▏ 424 MB/4.7 GB  3.8 MB/s  18m31s[K[?25h[?2026l[?2026h[?25l[A[1Gpulling manifest [K
pulling 60e05f210007:   9% ▕█                 ▏ 424 MB/4.7 GB  3.7 MB/s  18m55s[K[?25h[?2026l[?2026h[?25l[A[1Gpulling manifest [K
pulling 60e05f210007:   9% ▕█                 ▏ 425 MB/4.7 GB  3.7 MB/s  18m55s[K[?25h[?2026l[?2026h[?25l[A[1Gpulling manifest [K
pulling 60e05f210007:   9% ▕█                 ▏ 425 MB/4.7 GB  3.7 MB/s  18m55s[K[?25h[?2026l[?2026h[?25l[A[1Gpulling manifest [K
pulling 60e05f210007:   9% ▕█                 ▏ 426 MB/4.7 GB  3.7 MB/s  18m55s[K[?25h[?2026l[?2026h[?25l[A[1Gpulling manifest [K
pulling 60e05f210007:   9% ▕█                 ▏ 426 MB/4.7 GB  3.7 MB/s  18m55s[K[?25h[?2026l[?2026h[?25l[A[1Gpulling manifest [K
pulling 60e05f210007:   9% ▕█                 ▏ 426 MB/4.7 GB  3.7 MB/s  18m55s[K[?25h[?2026l[?2026h[?25l[A[1Gpulling manifest [K
pulling 60e05f210007:   9% ▕█                 ▏ 426 MB/4.7 GB  3.7 MB/s  18m55s[K[?25h[?2026l[?2026h[?25l[A[1Gpulling manifest [K
pulling 60e05f210007:   9% ▕█                 ▏ 427 MB/4.7 GB  3.7 MB/s  18m55s[K[?25h[?2026l[?2026h[?25l[A[1Gpulling manifest [K
pulling 60e05f210007:   9% ▕█                 ▏ 427 MB/4.7 GB  3.7 MB/s  18m55s[K[?25h[?2026l[?2026h[?25l[A[1Gpulling manifest [K
pulling 60e05f210007:   9% ▕█                 ▏ 428 MB/4.7 GB  3.7 MB/s  18m55s[K[?25h[?2026l[?2026h[?25l[A[1Gpulling manifest [K
pulling 60e05f210007:   9% ▕█                 ▏ 428 MB/4.7 GB  3.7 MB/s  18m55s[K[?25h[?2026l[?2026h[?25l[A[1Gpulling manifest [K
pulling 60e05f210007:   9% ▕█                 ▏ 428 MB/4.7 GB  3.7 MB/s   19m9s[K[?25h[?2026l[?2026h[?25l[A[1Gpulling manifest [K
pulling 60e05f210007:   9% ▕█                 ▏ 428 MB/4.7 GB  3.7 MB/s   19m9s[K[?25h[?2026l[?2026h[?25l[A[1Gpulling manifest [K
pulling 60e05f210007:   9% ▕█                 ▏ 429 MB/4.7 GB  3.7 MB/s   19m9s[K[?25h[?2026l[?2026h[?25l[A[1Gpulling manifest [K
pulling 60e05f210007:   9% ▕█                 ▏ 429 MB/4.7 GB  3.7 MB/s   19m9s[K[?25h[?2026l[?2026h[?25l[A[1Gpulling manifest [K
pulling 60e05f210007:   9% ▕█                 ▏ 430 MB/4.7 GB  3.7 MB/s   19m9s[K[?25h[?2026l[?2026h[?25l[A[1Gpulling manifest [K
pulling 60e05f210007:   9% ▕█                 ▏ 430 MB/4.7 GB  3.7 MB/s   19m9s[K[?25h[?2026l[?2026h[?25l[A[1Gpulling manifest [K
pulling 60e05f210007:   9% ▕█                 ▏ 430 MB/4.7 GB  3.7 MB/s   19m9s[K[?25h[?2026l[?2026h[?25l[A[1Gpulling manifest [K
pulling 60e05f210007:   9% ▕█                 ▏ 431 MB/4.7 GB  3.7 MB/s   19m9s[K[?25h[?2026l[?2026h[?25l[A[1Gpulling manifest [K
pulling 60e05f210007:   9% ▕█                 ▏ 431 MB/4.7 GB  3.7 MB/s   19m9s[K[?25h[?2026l[?2026h[?25l[A[1Gpulling manifest [K
pulling 60e05f210007:   9% ▕█                 ▏ 431 MB/4.7 GB  3.7 MB/s   19m8s[K[?25h[?2026l[?2026h[?25l[A[1Gpulling manifest [K
pulling 60e05f210007:   9% ▕█                 ▏ 432 MB/4.7 GB  3.7 MB/s  19m12s[K[?25h[?2026l[?2026h[?25l[A[1Gpulling manifest [K
pulling 60e05f210007:   9% ▕█                 ▏ 432 MB/4.7 GB  3.7 MB/s  19m12s[K[?25h[?2026l[?2026h[?25l[A[1Gpulling manifest [K
pulling 60e05f210007:   9% ▕█                 ▏ 433 MB/4.7 GB  3.7 MB/s  19m12s[K[?25h[?2026l[?2026h[?25l[A[1Gpulling manifest [K
pulling 60e05f210007:   9% ▕█                 ▏ 433 MB/4.7 GB  3.7 MB/s  19m12s[K[?25h[?2026l[?2026h[?25l[A[1Gpulling manifest [K
pulling 60e05f210007:   9% ▕█                 ▏ 433 MB/4.7 GB  3.7 MB/s  19m12s[K[?25h[?2026l[?2026h[?25l[A[1Gpulling manifest [K
pulling 60e05f210007:   9% ▕█                 ▏ 434 MB/4.7 GB  3.7 MB/s  19m12s[K[?25h[?2026l[?2026h[?25l[A[1Gpulling manifest [K
pulling 60e05f210007:   9% ▕█                 ▏ 434 MB/4.7 GB  3.7 MB/s  19m12s[K[?25h[?2026l[?2026h[?25l[A[1Gpulling manifest [K
pulling 60e05f210007:   9% ▕█                 ▏ 434 MB/4.7 GB  3.7 MB/s  19m12s[K[?25h[?2026l[?2026h[?25l[A[1Gpulling manifest [K
pulling 60e05f210007:   9% ▕█                 ▏ 435 MB/4.7 GB  3.7 MB/s  19m12s[K[?25h[?2026l[?2026h[?25l[A[1Gpulling manifest [K
pulling 60e05f210007:   9% ▕█                 ▏ 435 MB/4.7 GB  3.7 MB/s  19m11s[K[?25h[?2026l[?2026h[?25l[A[1Gpulling manifest [K
pulling 60e05f210007:   9% ▕█                 ▏ 435 MB/4.7 GB  3.7 MB/s   19m9s[K[?25h[?2026l[?2026h[?25l[A[1Gpulling manifest [K
pulling 60e05f210007:   9% ▕█                 ▏ 436 MB/4.7 GB  3.7 MB/s   19m9s[K[?25h[?2026l[?2026h[?25l[A[1Gpulling manifest [K
pulling 60e05f210007:   9% ▕█                 ▏ 436 MB/4.7 GB  3.7 MB/s   19m9s[K[?25h[?2026l[?2026h[?25l[A[1Gpulling manifest [K
pulling 60e05f210007:   9% ▕█                 ▏ 437 MB/4.7 GB  3.7 MB/s   19m9s[K[?25h[?2026l[?2026h[?25l[A[1Gpulling manifest [K
pulling 60e05f210007:   9% ▕█                 ▏ 437 MB/4.7 GB  3.7 MB/s   19m9s[K[?25h[?2026l[?2026h[?25l[A[1Gpulling manifest [K
pulling 60e05f210007:   9% ▕█                 ▏ 438 MB/4.7 GB  3.7 MB/s   19m9s[K[?25h[?2026l[?2026h[?25l[A[1Gpulling manifest [K
pulling 60e05f210007:   9% ▕█                 ▏ 438 MB/4.7 GB  3.7 MB/s   19m8s[K[?25h[?2026l[?2026h[?25l[A[1Gpulling manifest [K
pulling 60e05f210007:   9% ▕█                 ▏ 438 MB/4.7 GB  3.7 MB/s   19m8s[K[?25h[?2026l[?2026h[?25l[A[1Gpulling manifest [K
pulling 60e05f210007:   9% ▕█                 ▏ 439 MB/4.7 GB  3.7 MB/s   19m8s[K[?25h[?2026l[?2026h[?25l[A[1Gpulling manifest [K
pulling 60e05f210007:   9% ▕█                 ▏ 439 MB/4.7 GB  3.7 MB/s   19m8s[K[?25h[?2026l[?2026h[?25l[A[1Gpulling manifest [K
pulling 60e05f210007:   9% ▕█                 ▏ 439 MB/4.7 GB  3.7 MB/s   19m3s[K[?25h[?2026l[?2026h[?25l[A[1Gpulling manifest [K
pulling 60e05f210007:   9% ▕█                 ▏ 440 MB/4.7 GB  3.7 MB/s   19m3s[K[?25h[?2026l[?2026h[?25l[A[1Gpulling manifest [K
pulling 60e05f210007:   9% ▕█                 ▏ 440 MB/4.7 GB  3.7 MB/s   19m3s[K[?25h[?2026l[?2026h[?25l[A[1Gpulling manifest [K
pulling 60e05f210007:   9% ▕█                 ▏ 440 MB/4.7 GB  3.7 MB/s   19m3s[K[?25h[?2026l[?2026h[?25l[A[1Gpulling manifest [K
pulling 60e05f210007:   9% ▕█                 ▏ 441 MB/4.7 GB  3.7 MB/s   19m3s[K[?25h[?2026l[?2026h[?25l[A[1Gpulling manifest [K
pulling 60e05f210007:   9% ▕█                 ▏ 441 MB/4.7 GB  3.7 MB/s   19m3s[K[?25h[?2026l[?2026h[?25l[A[1Gpulling manifest [K
pulling 60e05f210007:   9% ▕█                 ▏ 441 MB/4.7 GB  3.7 MB/s   19m2s[K[?25h[?2026l[?2026h[?25l[A[1Gpulling manifest [K
pulling 60e05f210007:   9% ▕█                 ▏ 442 MB/4.7 GB  3.7 MB/s   19m2s[K[?25h[?2026l[?2026h[?25l[A[1Gpulling manifest [K
pulling 60e05f210007:   9% ▕█                 ▏ 442 MB/4.7 GB  3.7 MB/s   19m2s[K[?25h[?2026l[?2026h[?25l[A[1Gpulling manifest [K
pulling 60e05f210007:   9% ▕█                 ▏ 442 MB/4.7 GB  3.7 MB/s   19m2s[K[?25h[?2026l[?2026h[?25l[A[1Gpulling manifest [K
pulling 60e05f210007:   9% ▕█                 ▏ 443 MB/4.7 GB  3.7 MB/s  19m20s[K[?25h[?2026l[?2026h[?25l[A[1Gpulling manifest [K
pulling 60e05f210007:   9% ▕█                 ▏ 443 MB/4.7 GB  3.7 MB/s  19m19s[K[?25h[?2026l[?2026h[?25l[A[1Gpulling manifest [K
pulling 60e05f210007:   9% ▕█                 ▏ 444 MB/4.7 GB  3.7 MB/s  19m19s[K[?25h[?2026l[?2026h[?25l[A[1Gpulling manifest [K
pulling 60e05f210007:   9% ▕█                 ▏ 444 MB/4.7 GB  3.7 MB/s  19m19s[K[?25h[?2026l[?2026h[?25l[A[1Gpulling manifest [K
pulling 60e05f210007:   9% ▕█                 ▏ 444 MB/4.7 GB  3.7 MB/s  19m19s[K[?25h[?2026l[?2026h[?25l[A[1Gpulling manifest [K
pulling 60e05f210007:  10% ▕█                 ▏ 445 MB/4.7 GB  3.7 MB/s  19m19s[K[?25h[?2026l[?2026h[?25l[A[1Gpulling manifest [K
pulling 60e05f210007:  10% ▕█                 ▏ 445 MB/4.7 GB  3.7 MB/s  19m19s[K[?25h[?2026l[?2026h[?25l[A[1Gpulling manifest [K
pulling 60e05f210007:  10% ▕█                 ▏ 445 MB/4.7 GB  3.7 MB/s  19m19s[K[?25h[?2026l[?2026h[?25l[A[1Gpulling manifest [K
pulling 60e05f210007:  10% ▕█                 ▏ 446 MB/4.7 GB  3.7 MB/s  19m19s[K[?25h[?2026l[?2026h[?25l[A[1Gpulling manifest [K
pulling 60e05f210007:  10% ▕█                 ▏ 446 MB/4.7 GB  3.7 MB/s  19m19s[K[?25h[?2026l[?2026h[?25l[A[1Gpulling manifest [K
pulling 60e05f210007:  10% ▕█                 ▏ 446 MB/4.7 GB  3.7 MB/s  19m19s[K[?25h[?2026l[?2026h[?25l[A[1Gpulling manifest [K
pulling 60e05f210007:  10% ▕█                 ▏ 447 MB/4.7 GB  3.6 MB/s  19m24s[K[?25h[?2026l[?2026h[?25l[A[1Gpulling manifest [K
pulling 60e05f210007:  10% ▕█                 ▏ 447 MB/4.7 GB  3.6 MB/s  19m24s[K[?25h[?2026l[?2026h[?25l[A[1Gpulling manifest [K
pulling 60e05f210007:  10% ▕█                 ▏ 447 MB/4.7 GB  3.6 MB/s  19m24s[K[?25h[?2026l[?2026h[?25l[A[1Gpulling manifest [K
pulling 60e05f210007:  10% ▕█                 ▏ 448 MB/4.7 GB  3.6 MB/s  19m24s[K[?25h[?2026l[?2026h[?25l[A[1Gpulling manifest [K
pulling 60e05f210007:  10% ▕█                 ▏ 448 MB/4.7 GB  3.6 MB/s  19m24s[K[?25h[?2026l[?2026h[?25l[A[1Gpulling manifest [K
pulling 60e05f210007:  10% ▕█                 ▏ 448 MB/4.7 GB  3.6 MB/s  19m24s[K[?25h[?2026l[?2026h[?25l[A[1Gpulling manifest [K
pulling 60e05f210007:  10% ▕█                 ▏ 449 MB/4.7 GB  3.6 MB/s  19m23s[K[?25h[?2026l[?2026h[?25l[A[1Gpulling manifest [K
pulling 60e05f210007:  10% ▕█                 ▏ 449 MB/4.7 GB  3.6 MB/s  19m23s[K[?25h[?2026l[?2026h[?25l[A[1Gpulling manifest [K
pulling 60e05f210007:  10% ▕█                 ▏ 449 MB/4.7 GB  3.6 MB/s  19m23s[K[?25h[?2026l[?2026h[?25l[A[1Gpulling manifest [K
pulling 60e05f210007:  10% ▕█                 ▏ 450 MB/4.7 GB  3.6 MB/s  19m23s[K[?25h[?2026l[?2026h[?25l[A[1Gpulling manifest [K
pulling 60e05f210007:  10% ▕█                 ▏ 450 MB/4.7 GB  3.6 MB/s  19m37s[K[?25h[?2026l[?2026h[?25l[A[1Gpulling manifest [K
pulling 60e05f210007:  10% ▕█                 ▏ 450 MB/4.7 GB  3.6 MB/s  19m37s[K[?25h[?2026l[?2026h[?25l[A[1Gpulling manifest [K
pulling 60e05f210007:  10% ▕█                 ▏ 451 MB/4.7 GB  3.6 MB/s  19m36s[K[?25h[?2026l[?2026h[?25l[A[1Gpulling manifest [K
pulling 60e05f210007:  10% ▕█                 ▏ 451 MB/4.7 GB  3.6 MB/s  19m36s[K[?25h[?2026l[?2026h[?25l[A[1Gpulling manifest [K
pulling 60e05f210007:  10% ▕█                 ▏ 452 MB/4.7 GB  3.6 MB/s  19m36s[K[?25h[?2026l[?2026h[?25l[A[1Gpulling manifest [K
pulling 60e05f210007:  10% ▕█                 ▏ 452 MB/4.7 GB  3.6 MB/s  19m36s[K[?25h[?2026l[?2026h[?25l[A[1Gpulling manifest [K
pulling 60e05f210007:  10% ▕█                 ▏ 452 MB/4.7 GB  3.6 MB/s  19m36s[K[?25h[?2026l[?2026h[?25l[A[1Gpulling manifest [K
pulling 60e05f210007:  10% ▕█                 ▏ 453 MB/4.7 GB  3.6 MB/s  19m36s[K[?25h[?2026l[?2026h[?25l[A[1Gpulling manifest [K
pulling 60e05f210007:  10% ▕█                 ▏ 453 MB/4.7 GB  3.6 MB/s  19m36s[K[?25h[?2026l[?2026h[?25l[A[1Gpulling manifest [K
pulling 60e05f210007:  10% ▕█                 ▏ 454 MB/4.7 GB  3.6 MB/s  19m36s[K[?25h[?2026l[?2026h[?25l[A[1Gpulling manifest [K
pulling 60e05f210007:  10% ▕█                 ▏ 454 MB/4.7 GB  3.6 MB/s  19m25s[K[?25h[?2026l[?2026h[?25l[A[1Gpulling manifest [K
pulling 60e05f210007:  10% ▕█                 ▏ 454 MB/4.7 GB  3.6 MB/s  19m25s[K[?25h[?2026l[?2026h[?25l[A[1Gpulling manifest [K
pulling 60e05f210007:  10% ▕█                 ▏ 455 MB/4.7 GB  3.6 MB/s  19m25s[K[?25h[?2026l[?2026h[?25l[A[1Gpulling manifest [K
pulling 60e05f210007:  10% ▕█                 ▏ 455 MB/4.7 GB  3.6 MB/s  19m25s[K[?25h[?2026l[?2026h[?25l[A[1Gpulling manifest [K
pulling 60e05f210007:  10% ▕█                 ▏ 455 MB/4.7 GB  3.6 MB/s  19m25s[K[?25h[?2026l[?2026h[?25l[A[1Gpulling manifest [K
pulling 60e05f210007:  10% ▕█                 ▏ 456 MB/4.7 GB  3.6 MB/s  19m25s[K[?25h[?2026l[?2026h[?25l[A[1Gpulling manifest [K
pulling 60e05f210007:  10% ▕█                 ▏ 456 MB/4.7 GB  3.6 MB/s  19m25s[K[?25h[?2026l[?2026h[?25l[A[1Gpulling manifest [K
pulling 60e05f210007:  10% ▕█                 ▏ 456 MB/4.7 GB  3.6 MB/s  19m25s[K[?25h[?2026l[?2026h[?25l[A[1Gpulling manifest [K
pulling 60e05f210007:  10% ▕█                 ▏ 457 MB/4.7 GB  3.6 MB/s  19m25s[K[?25h[?2026l[?2026h[?25l[A[1Gpulling manifest [K
pulling 60e05f210007:  10% ▕█                 ▏ 457 MB/4.7 GB  3.6 MB/s  19m24s[K[?25h[?2026l[?2026h[?25l[A[1Gpulling manifest [K
pulling 60e05f210007:  10% ▕█                 ▏ 458 MB/4.7 GB  3.7 MB/s   19m1s[K[?25h[?2026l[?2026h[?25l[A[1Gpulling manifest [K
pulling 60e05f210007:  10% ▕█                 ▏ 458 MB/4.7 GB  3.7 MB/s   19m1s[K[?25h[?2026l[?2026h[?25l[A[1Gpulling manifest [K
pulling 60e05f210007:  10% ▕█                 ▏ 458 MB/4.7 GB  3.7 MB/s   19m1s[K[?25h[?2026l[?2026h[?25l[A[1Gpulling manifest [K
pulling 60e05f210007:  10% ▕█                 ▏ 459 MB/4.7 GB  3.7 MB/s   19m1s[K[?25h[?2026l[?2026h[?25l[A[1Gpulling manifest [K
pulling 60e05f210007:  10% ▕█                 ▏ 459 MB/4.7 GB  3.7 MB/s   19m1s[K[?25h[?2026l[?2026h[?25l[A[1Gpulling manifest [K
pulling 60e05f210007:  10% ▕█                 ▏ 459 MB/4.7 GB  3.7 MB/s   19m1s[K[?25h[?2026l[?2026h[?25l[A[1Gpulling manifest [K
pulling 60e05f210007:  10% ▕█                 ▏ 460 MB/4.7 GB  3.7 MB/s   19m1s[K[?25h[?2026l[?2026h[?25l[A[1Gpulling manifest [K
pulling 60e05f210007:  10% ▕█                 ▏ 460 MB/4.7 GB  3.7 MB/s   19m1s[K[?25h[?2026l[?2026h[?25l[A[1Gpulling manifest [K
pulling 60e05f210007:  10% ▕█                 ▏ 461 MB/4.7 GB  3.7 MB/s   19m1s[K[?25h[?2026l[?2026h[?25l[A[1Gpulling manifest [K
pulling 60e05f210007:  10% ▕█                 ▏ 461 MB/4.7 GB  3.7 MB/s   19m0s[K[?25h[?2026l[?2026h[?25l[A[1Gpulling manifest [K
pulling 60e05f210007:  10% ▕█                 ▏ 462 MB/4.7 GB  3.7 MB/s  18m49s[K[?25h[?2026l[?2026h[?25l[A[1Gpulling manifest [K
pulling 60e05f210007:  10% ▕█                 ▏ 462 MB/4.7 GB  3.7 MB/s  18m49s[K[?25h[?2026l[?2026h[?25l[A[1Gpulling manifest [K
pulling 60e05f210007:  10% ▕█                 ▏ 462 MB/4.7 GB  3.7 MB/s  18m49s[K[?25h[?2026l[?2026h[?25l[A[1Gpulling manifest [K
pulling 60e05f210007:  10% ▕█                 ▏ 463 MB/4.7 GB  3.7 MB/s  18m49s[K[?25h[?2026l[?2026h[?25l[A[1Gpulling manifest [K
pulling 60e05f210007:  10% ▕█                 ▏ 463 MB/4.7 GB  3.7 MB/s  18m49s[K[?25h[?2026l[?2026h[?25l[A[1Gpulling manifest [K
pulling 60e05f210007:  10% ▕█                 ▏ 463 MB/4.7 GB  3.7 MB/s  18m48s[K[?25h[?2026l[?2026h[?25l[A[1Gpulling manifest [K
pulling 60e05f210007:  10% ▕█                 ▏ 464 MB/4.7 GB  3.7 MB/s  18m48s[K[?25h[?2026l[?2026h[?25l[A[1Gpulling manifest [K
pulling 60e05f210007:  10% ▕█                 ▏ 464 MB/4.7 GB  3.7 MB/s  18m48s[K[?25h[?2026l[?2026h[?25l[A[1Gpulling manifest [K
pulling 60e05f210007:  10% ▕█                 ▏ 464 MB/4.7 GB  3.7 MB/s  18m48s[K[?25h[?2026l[?2026h[?25l[A[1Gpulling manifest [K
pulling 60e05f210007:  10% ▕█                 ▏ 465 MB/4.7 GB  3.7 MB/s  18m48s[K[?25h[?2026l[?2026h[?25l[A[1Gpulling manifest [K
pulling 60e05f210007:  10% ▕█                 ▏ 465 MB/4.7 GB  3.7 MB/s  18m48s[K[?25h[?2026l[?2026h[?25l[A[1Gpulling manifest [K
pulling 60e05f210007:  10% ▕█                 ▏ 466 MB/4.7 GB  3.7 MB/s  18m45s[K[?25h[?2026l[?2026h[?25l[A[1Gpulling manifest [K
pulling 60e05f210007:  10% ▕█                 ▏ 466 MB/4.7 GB  3.7 MB/s  18m45s[K[?25h[?2026l[?2026h[?25l[A[1Gpulling manifest [K
pulling 60e05f210007:  10% ▕█                 ▏ 466 MB/4.7 GB  3.7 MB/s  18m44s[K[?25h[?2026l[?2026h[?25l[A[1Gpulling manifest [K
pulling 60e05f210007:  10% ▕█                 ▏ 466 MB/4.7 GB  3.7 MB/s  18m44s[K[?25h[?2026l[?2026h[?25l[A[1Gpulling manifest [K
pulling 60e05f210007:  10% ▕█                 ▏ 466 MB/4.7 GB  3.7 MB/s  18m44s[K[?25h[?2026l[?2026h[?25l[A[1Gpulling manifest [K
pulling 60e05f210007:  10% ▕█                 ▏ 466 MB/4.7 GB  3.7 MB/s  18m44s[K[?25h[?2026l[?2026h[?25l[A[1Gpulling manifest [K
pulling 60e05f210007:  10% ▕█                 ▏ 467 MB/4.7 GB  3.7 MB/s  18m44s[K[?25h[?2026l[?2026h[?25l[A[1Gpulling manifest [K
pulling 60e05f210007:  10% ▕█                 ▏ 467 MB/4.7 GB  3.7 MB/s  18m44s[K[?25h[?2026l[?2026h[?25l[A[1Gpulling manifest [K
pulling 60e05f210007:  10% ▕█                 ▏ 467 MB/4.7 GB  3.7 MB/s  18m44s[K[?25h[?2026l[?2026h[?25l[A[1Gpulling manifest [K
pulling 60e05f210007:  10% ▕█                 ▏ 467 MB/4.7 GB  3.7 MB/s  18m44s[K[?25h[?2026l[?2026h[?25l[A[1Gpulling manifest [K
pulling 60e05f210007:  10% ▕█                 ▏ 467 MB/4.7 GB  3.5 MB/s  19m51s[K[?25h[?2026l[?2026h[?25l[A[1Gpulling manifest [K
pulling 60e05f210007:  10% ▕█                 ▏ 468 MB/4.7 GB  3.5 MB/s  19m51s[K[?25h[?2026l[?2026h[?25l[A[1Gpulling manifest [K
pulling 60e05f210007:  10% ▕█                 ▏ 468 MB/4.7 GB  3.5 MB/s  19m51s[K[?25h[?2026l[?2026h[?25l[A[1Gpulling manifest [K
pulling 60e05f210007:  10% ▕█                 ▏ 468 MB/4.7 GB  3.5 MB/s  19m51s[K[?25h[?2026l[?2026h[?25l[A[1Gpulling manifest [K
pulling 60e05f210007:  10% ▕█                 ▏ 468 MB/4.7 GB  3.5 MB/s  19m51s[K[?25h[?2026l[?2026h[?25l[A[1Gpulling manifest [K
pulling 60e05f210007:  10% ▕█                 ▏ 468 MB/4.7 GB  3.5 MB/s  19m51s[K[?25h[?2026l[?2026h[?25l[A[1Gpulling manifest [K
pulling 60e05f210007:  10% ▕█                 ▏ 469 MB/4.7 GB  3.5 MB/s  19m51s[K[?25h[?2026l[?2026h[?25l[A[1Gpulling manifest [K
pulling 60e05f210007:  10% ▕█                 ▏ 469 MB/4.7 GB  3.5 MB/s  19m51s[K[?25h[?2026l[?2026h[?25l[A[1Gpulling manifest [K
pulling 60e05f210007:  10% ▕█                 ▏ 469 MB/4.7 GB  3.5 MB/s  19m51s[K[?25h[?2026l[?2026h[?25l[A[1Gpulling manifest [K
pulling 60e05f210007:  10% ▕█                 ▏ 469 MB/4.7 GB  3.5 MB/s  19m51s[K[?25h[?2026l[?2026h[?25l[A[1Gpulling manifest [K
pulling 60e05f210007:  10% ▕█                 ▏ 469 MB/4.7 GB  3.3 MB/s  21m17s[K[?25h[?2026l[?2026h[?25l[A[1Gpulling manifest [K
pulling 60e05f210007:  10% ▕█                 ▏ 469 MB/4.7 GB  3.3 MB/s  21m17s[K[?25h[?2026l[?2026h[?25l[A[1Gpulling manifest [K
pulling 60e05f210007:  10% ▕█                 ▏ 470 MB/4.7 GB  3.3 MB/s  21m17s[K[?25h[?2026l[?2026h[?25l[A[1Gpulling manifest [K
pulling 60e05f210007:  10% ▕█                 ▏ 470 MB/4.7 GB  3.3 MB/s  21m17s[K[?25h[?2026l[?2026h[?25l[A[1Gpulling manifest [K
pulling 60e05f210007:  10% ▕█                 ▏ 470 MB/4.7 GB  3.3 MB/s  21m16s[K[?25h[?2026l[?2026h[?25l[A[1Gpulling manifest [K
pulling 60e05f210007:  10% ▕█                 ▏ 470 MB/4.7 GB  3.3 MB/s  21m16s[K[?25h[?2026l[?2026h[?25l[A[1Gpulling manifest [K
pulling 60e05f210007:  10% ▕█                 ▏ 470 MB/4.7 GB  3.3 MB/s  21m16s[K[?25h[?2026l[?2026h[?25l[A[1Gpulling manifest [K
pulling 60e05f210007:  10% ▕█                 ▏ 470 MB/4.7 GB  3.3 MB/s  21m16s[K[?25h[?2026l[?2026h[?25l[A[1Gpulling manifest [K
pulling 60e05f210007:  10% ▕█                 ▏ 471 MB/4.7 GB  3.3 MB/s  21m16s[K[?25h[?2026l[?2026h[?25l[A[1Gpulling manifest [K
pulling 60e05f210007:  10% ▕█                 ▏ 471 MB/4.7 GB  3.3 MB/s  21m16s[K[?25h[?2026l[?2026h[?25l[A[1Gpulling manifest [K
pulling 60e05f210007:  10% ▕█                 ▏ 471 MB/4.7 GB  3.1 MB/s  22m34s[K[?25h[?2026l[?2026h[?25l[A[1Gpulling manifest [K
pulling 60e05f210007:  10% ▕█                 ▏ 471 MB/4.7 GB  3.1 MB/s  22m34s[K[?25h[?2026l[?2026h[?25l[A[1Gpulling manifest [K
pulling 60e05f210007:  10% ▕█                 ▏ 471 MB/4.7 GB  3.1 MB/s  22m34s[K[?25h[?2026l[?2026h[?25l[A[1Gpulling manifest [K
pulling 60e05f210007:  10% ▕█                 ▏ 471 MB/4.7 GB  3.1 MB/s  22m34s[K[?25h[?2026l[?2026h[?25l[A[1Gpulling manifest [K
pulling 60e05f210007:  10% ▕█                 ▏ 472 MB/4.7 GB  3.1 MB/s  22m34s[K[?25h[?2026l[?2026h[?25l[A[1Gpulling manifest [K
pulling 60e05f210007:  10% ▕█                 ▏ 472 MB/4.7 GB  3.1 MB/s  22m34s[K[?25h[?2026l[?2026h[?25l[A[1Gpulling manifest [K
pulling 60e05f210007:  10% ▕█                 ▏ 472 MB/4.7 GB  3.1 MB/s  22m34s[K[?25h[?2026l[?2026h[?25l[A[1Gpulling manifest [K
pulling 60e05f210007:  10% ▕█                 ▏ 472 MB/4.7 GB  3.1 MB/s  22m34s[K[?25h[?2026l[?2026h[?25l[A[1Gpulling manifest [K
pulling 60e05f210007:  10% ▕█                 ▏ 472 MB/4.7 GB  3.1 MB/s  22m34s[K[?25h[?2026l[?2026h[?25l[A[1Gpulling manifest [K
pulling 60e05f210007:  10% ▕█                 ▏ 473 MB/4.7 GB  3.1 MB/s  22m34s[K[?25h[?2026l[?2026h[?25l[A[1Gpulling manifest [K
pulling 60e05f210007:  10% ▕█                 ▏ 473 MB/4.7 GB  2.9 MB/s   24m1s[K[?25h[?2026l[?2026h[?25l[A[1Gpulling manifest [K
pulling 60e05f210007:  10% ▕█                 ▏ 473 MB/4.7 GB  2.9 MB/s   24m1s[K[?25h[?2026l[?2026h[?25l[A[1Gpulling manifest [K
pulling 60e05f210007:  10% ▕█                 ▏ 473 MB/4.7 GB  2.9 MB/s   24m1s[K[?25h[?2026l[?2026h[?25l[A[1Gpulling manifest [K
pulling 60e05f210007:  10% ▕█                 ▏ 473 MB/4.7 GB  2.9 MB/s   24m1s[K[?25h[?2026l[?2026h[?25l[A[1Gpulling manifest [K
pulling 60e05f210007:  10% ▕█                 ▏ 473 MB/4.7 GB  2.9 MB/s   24m1s[K[?25h[?2026l[?2026h[?25l[A[1Gpulling manifest [K
pulling 60e05f210007:  10% ▕█                 ▏ 474 MB/4.7 GB  2.9 MB/s   24m1s[K[?25h[?2026l[?2026h[?25l[A[1Gpulling manifest [K
pulling 60e05f210007:  10% ▕█                 ▏ 474 MB/4.7 GB  2.9 MB/s   24m0s[K[?25h[?2026l[?2026h[?25l[A[1Gpulling manifest [K
pulling 60e05f210007:  10% ▕█                 ▏ 474 MB/4.7 GB  2.9 MB/s   24m0s[K[?25h[?2026l[?2026h[?25l[A[1Gpulling manifest [K
pulling 60e05f210007:  10% ▕█                 ▏ 474 MB/4.7 GB  2.9 MB/s   24m0s[K[?25h[?2026l[?2026h[?25l[A[1Gpulling manifest [K
pulling 60e05f210007:  10% ▕█                 ▏ 474 MB/4.7 GB  2.9 MB/s   24m0s[K[?25h[?2026l[?2026h[?25l[A[1Gpulling manifest [K
pulling 60e05f210007:  10% ▕█                 ▏ 474 MB/4.7 GB  2.9 MB/s   24m0s[K[?25h[?2026l[?2026h[?25l[A[1Gpulling manifest [K
pulling 60e05f210007:  10% ▕█                 ▏ 475 MB/4.7 GB  2.7 MB/s  25m38s[K[?25h[?2026l[?2026h[?25l[A[1Gpulling manifest [K
pulling 60e05f210007:  10% ▕█                 ▏ 475 MB/4.7 GB  2.7 MB/s  25m37s[K[?25h[?2026l[?2026h[?25l[A[1Gpulling manifest [K
pulling 60e05f210007:  10% ▕█                 ▏ 475 MB/4.7 GB  2.7 MB/s  25m37s[K[?25h[?2026l[?2026h[?25l[A[1Gpulling manifest [K
pulling 60e05f210007:  10% ▕█                 ▏ 475 MB/4.7 GB  2.7 MB/s  25m37s[K[?25h[?2026l[?2026h[?25l[A[1Gpulling manifest [K
pulling 60e05f210007:  10% ▕█                 ▏ 475 MB/4.7 GB  2.7 MB/s  25m37s[K[?25h[?2026l[?2026h[?25l[A[1Gpulling manifest [K
pulling 60e05f210007:  10% ▕█                 ▏ 476 MB/4.7 GB  2.7 MB/s  25m37s[K[?25h[?2026l[?2026h[?25l[A[1Gpulling manifest [K
pulling 60e05f210007:  10% ▕█                 ▏ 476 MB/4.7 GB  2.7 MB/s  25m37s[K[?25h[?2026l[?2026h[?25l[A[1Gpulling manifest [K
pulling 60e05f210007:  10% ▕█                 ▏ 476 MB/4.7 GB  2.7 MB/s  25m37s[K[?25h[?2026l[?2026h[?25l[A[1Gpulling manifest [K
pulling 60e05f210007:  10% ▕█                 ▏ 476 MB/4.7 GB  2.7 MB/s  25m37s[K[?25h[?2026l[?2026h[?25l[A[1Gpulling manifest [K
pulling 60e05f210007:  10% ▕█                 ▏ 476 MB/4.7 GB  2.7 MB/s  25m37s[K[?25h[?2026l[?2026h[?25l[A[1Gpulling manifest [K
pulling 60e05f210007:  10% ▕█                 ▏ 476 MB/4.7 GB  2.5 MB/s   28m1s[K[?25h[?2026l[?2026h[?25l[A[1Gpulling manifest [K
pulling 60e05f210007:  10% ▕█                 ▏ 477 MB/4.7 GB  2.5 MB/s   28m1s[K[?25h[?2026l[?2026h[?25l[A[1Gpulling manifest [K
pulling 60e05f210007:  10% ▕█                 ▏ 477 MB/4.7 GB  2.5 MB/s   28m1s[K[?25h[?2026l[?2026h[?25l[A[1Gpulling manifest [K
pulling 60e05f210007:  10% ▕█                 ▏ 477 MB/4.7 GB  2.5 MB/s   28m1s[K[?25h[?2026l[?2026h[?25l[A[1Gpulling manifest [K
pulling 60e05f210007:  10% ▕█                 ▏ 477 MB/4.7 GB  2.5 MB/s   28m1s[K[?25h[?2026l[?2026h[?25l[A[1Gpulling manifest [K
pulling 60e05f210007:  10% ▕█                 ▏ 477 MB/4.7 GB  2.5 MB/s   28m1s[K[?25h[?2026l[?2026h[?25l[A[1Gpulling manifest [K
pulling 60e05f210007:  10% ▕█                 ▏ 477 MB/4.7 GB  2.5 MB/s   28m1s[K[?25h[?2026l[?2026h[?25l[A[1Gpulling manifest [K
pulling 60e05f210007:  10% ▕█                 ▏ 478 MB/4.7 GB  2.5 MB/s   28m1s[K[?25h[?2026l[?2026h[?25l[A[1Gpulling manifest [K
pulling 60e05f210007:  10% ▕█                 ▏ 478 MB/4.7 GB  2.5 MB/s   28m1s[K[?25h[?2026l[?2026h[?25l[A[1Gpulling manifest [K
pulling 60e05f210007:  10% ▕█                 ▏ 478 MB/4.7 GB  2.5 MB/s   28m1s[K[?25h[?2026l[?2026h[?25l[A[1Gpulling manifest [K
pulling 60e05f210007:  10% ▕█                 ▏ 478 MB/4.7 GB  2.3 MB/s  30m49s[K[?25h[?2026l[?2026h[?25l[A[1Gpulling manifest [K
pulling 60e05f210007:  10% ▕█                 ▏ 478 MB/4.7 GB  2.3 MB/s  30m49s[K[?25h[?2026l[?2026h[?25l[A[1Gpulling manifest [K
pulling 60e05f210007:  10% ▕█                 ▏ 479 MB/4.7 GB  2.3 MB/s  30m49s[K[?25h[?2026l[?2026h[?25l[A[1Gpulling manifest [K
pulling 60e05f210007:  10% ▕█                 ▏ 479 MB/4.7 GB  2.3 MB/s  30m49s[K[?25h[?2026l[?2026h[?25l[A[1Gpulling manifest [K
pulling 60e05f210007:  10% ▕█                 ▏ 479 MB/4.7 GB  2.3 MB/s  30m49s[K[?25h[?2026l[?2026h[?25l[A[1Gpulling manifest [K
pulling 60e05f210007:  10% ▕█                 ▏ 479 MB/4.7 GB  2.3 MB/s  30m49s[K[?25h[?2026l[?2026h[?25l[A[1Gpulling manifest [K
pulling 60e05f210007:  10% ▕█                 ▏ 479 MB/4.7 GB  2.3 MB/s  30m49s[K[?25h[?2026l[?2026h[?25l[A[1Gpulling manifest [K
pulling 60e05f210007:  10% ▕█                 ▏ 479 MB/4.7 GB  2.3 MB/s  30m49s[K[?25h[?2026l[?2026h[?25l[A[1Gpulling manifest [K
pulling 60e05f210007:  10% ▕█                 ▏ 480 MB/4.7 GB  2.3 MB/s  30m48s[K[?25h[?2026l[?2026h[?25l[A[1Gpulling manifest [K
pulling 60e05f210007:  10% ▕█                 ▏ 480 MB/4.7 GB  2.3 MB/s  30m48s[K[?25h[?2026l[?2026h[?25l[A[1Gpulling manifest [K
pulling 60e05f210007:  10% ▕█                 ▏ 480 MB/4.7 GB  2.0 MB/s  34m13s[K[?25h[?2026l[?2026h[?25l[A[1Gpulling manifest [K
pulling 60e05f210007:  10% ▕█                 ▏ 480 MB/4.7 GB  2.0 MB/s  34m13s[K[?25h[?2026l[?2026h[?25l[A[1Gpulling manifest [K
pulling 60e05f210007:  10% ▕█                 ▏ 480 MB/4.7 GB  2.0 MB/s  34m13s[K[?25h[?2026l[?2026h[?25l[A[1Gpulling manifest [K
pulling 60e05f210007:  10% ▕█                 ▏ 480 MB/4.7 GB  2.0 MB/s  34m13s[K[?25h[?2026l[?2026h[?25l[A[1Gpulling manifest [K
pulling 60e05f210007:  10% ▕█                 ▏ 481 MB/4.7 GB  2.0 MB/s  34m13s[K[?25h[?2026l[?2026h[?25l[A[1Gpulling manifest [K
pulling 60e05f210007:  10% ▕█                 ▏ 481 MB/4.7 GB  2.0 MB/s  34m13s[K[?25h[?2026l[?2026h[?25l[A[1Gpulling manifest [K
pulling 60e05f210007:  10% ▕█                 ▏ 481 MB/4.7 GB  2.0 MB/s  34m13s[K[?25h[?2026l[?2026h[?25l[A[1Gpulling manifest [K
pulling 60e05f210007:  10% ▕█                 ▏ 481 MB/4.7 GB  2.0 MB/s  34m12s[K[?25h[?2026l[?2026h[?25l[A[1Gpulling manifest [K
pulling 60e05f210007:  10% ▕█                 ▏ 481 MB/4.7 GB  2.0 MB/s  34m12s[K[?25h[?2026l[?2026h[?25l[A[1Gpulling manifest [K
pulling 60e05f210007:  10% ▕█                 ▏ 482 MB/4.7 GB  2.0 MB/s  34m12s[K[?25h[?2026l[?2026h[?25l[A[1Gpulling manifest [K
pulling 60e05f210007:  10% ▕█                 ▏ 482 MB/4.7 GB  1.8 MB/s  38m38s[K[?25h[?2026l[?2026h[?25l[A[1Gpulling manifest [K
pulling 60e05f210007:  10% ▕█                 ▏ 482 MB/4.7 GB  1.8 MB/s  38m38s[K[?25h[?2026l[?2026h[?25l[A[1Gpulling manifest [K
pulling 60e05f210007:  10% ▕█                 ▏ 482 MB/4.7 GB  1.8 MB/s  38m38s[K[?25h[?2026l[?2026h[?25l[A[1Gpulling manifest [K
pulling 60e05f210007:  10% ▕█                 ▏ 482 MB/4.7 GB  1.8 MB/s  38m38s[K[?25h[?2026l[?2026h[?25l[A[1Gpulling manifest [K
pulling 60e05f210007:  10% ▕█                 ▏ 482 MB/4.7 GB  1.8 MB/s  38m38s[K[?25h[?2026l[?2026h[?25l[A[1Gpulling manifest [K
pulling 60e05f210007:  10% ▕█                 ▏ 483 MB/4.7 GB  1.8 MB/s  38m37s[K[?25h[?2026l[?2026h[?25l[A[1Gpulling manifest [K
pulling 60e05f210007:  10% ▕█                 ▏ 483 MB/4.7 GB  1.8 MB/s  38m37s[K[?25h[?2026l[?2026h[?25l[A[1Gpulling manifest [K
pulling 60e05f210007:  10% ▕█                 ▏ 483 MB/4.7 GB  1.8 MB/s  38m37s[K[?25h[?2026l[?2026h[?25l[A[1Gpulling manifest [K
pulling 60e05f210007:  10% ▕█                 ▏ 483 MB/4.7 GB  1.8 MB/s  38m37s[K[?25h[?2026l[?2026h[?25l[A[1Gpulling manifest [K
pulling 60e05f210007:  10% ▕█                 ▏ 483 MB/4.7 GB  1.8 MB/s  38m37s[K[?25h[?2026l[?2026h[?25l[A[1Gpulling manifest [K
pulling 60e05f210007:  10% ▕█                 ▏ 483 MB/4.7 GB  1.8 MB/s  38m37s[K[?25h[?2026l[?2026h[?25l[A[1Gpulling manifest [K
pulling 60e05f210007:  10% ▕█                 ▏ 484 MB/4.7 GB  1.8 MB/s  38m49s[K[?25h[?2026l[?2026h[?25l[A[1Gpulling manifest [K
pulling 60e05f210007:  10% ▕█                 ▏ 484 MB/4.7 GB  1.8 MB/s  38m49s[K[?25h[?2026l[?2026h[?25l[A[1Gpulling manifest [K
pulling 60e05f210007:  10% ▕█                 ▏ 484 MB/4.7 GB  1.8 MB/s  38m49s[K[?25h[?2026l[?2026h[?25l[A[1Gpulling manifest [K
pulling 60e05f210007:  10% ▕█                 ▏ 484 MB/4.7 GB  1.8 MB/s  38m49s[K[?25h[?2026l[?2026h[?25l[A[1Gpulling manifest [K
pulling 60e05f210007:  10% ▕█                 ▏ 484 MB/4.7 GB  1.8 MB/s  38m49s[K[?25h[?2026l[?2026h[?25l[A[1Gpulling manifest [K
pulling 60e05f210007:  10% ▕█                 ▏ 484 MB/4.7 GB  1.8 MB/s  38m49s[K[?25h[?2026l[?2026h[?25l[A[1Gpulling manifest [K
pulling 60e05f210007:  10% ▕█                 ▏ 485 MB/4.7 GB  1.8 MB/s  38m48s[K[?25h[?2026l[?2026h[?25l[A[1Gpulling manifest [K
pulling 60e05f210007:  10% ▕█                 ▏ 485 MB/4.7 GB  1.8 MB/s  38m48s[K[?25h[?2026l[?2026h[?25l[A[1Gpulling manifest [K
pulling 60e05f210007:  10% ▕█                 ▏ 485 MB/4.7 GB  1.8 MB/s  38m48s[K[?25h[?2026l[?2026h[?25l[A[1Gpulling manifest [K
pulling 60e05f210007:  10% ▕█                 ▏ 485 MB/4.7 GB  1.8 MB/s  38m48s[K[?25h[?2026l[?2026h[?25l[A[1Gpulling manifest [K
pulling 60e05f210007:  10% ▕█                 ▏ 485 MB/4.7 GB  1.8 MB/s  38m55s[K[?25h[?2026l[?2026h[?25l[A[1Gpulling manifest [K
pulling 60e05f210007:  10% ▕█                 ▏ 486 MB/4.7 GB  1.8 MB/s  38m55s[K[?25h[?2026l[?2026h[?25l[A[1Gpulling manifest [K
pulling 60e05f210007:  10% ▕█                 ▏ 486 MB/4.7 GB  1.8 MB/s  38m55s[K[?25h[?2026l[?2026h[?25l[A[1Gpulling manifest [K
pulling 60e05f210007:  10% ▕█                 ▏ 486 MB/4.7 GB  1.8 MB/s  38m55s[K[?25h[?2026l[?2026h[?25l[A[1Gpulling manifest [K
pulling 60e05f210007:  10% ▕█                 ▏ 486 MB/4.7 GB  1.8 MB/s  38m55s[K[?25h[?2026l[?2026h[?25l[A[1Gpulling manifest [K
pulling 60e05f210007:  10% ▕█                 ▏ 486 MB/4.7 GB  1.8 MB/s  38m55s[K[?25h[?2026l[?2026h[?25l[A[1Gpulling manifest [K
pulling 60e05f210007:  10% ▕█                 ▏ 486 MB/4.7 GB  1.8 MB/s  38m55s[K[?25h[?2026l[?2026h[?25l[A[1Gpulling manifest [K
pulling 60e05f210007:  10% ▕█                 ▏ 487 MB/4.7 GB  1.8 MB/s  38m54s[K[?25h[?2026l[?2026h[?25l[A[1Gpulling manifest [K
pulling 60e05f210007:  10% ▕█                 ▏ 487 MB/4.7 GB  1.8 MB/s  38m54s[K[?25h[?2026l[?2026h[?25l[A[1Gpulling manifest [K
pulling 60e05f210007:  10% ▕█                 ▏ 487 MB/4.7 GB  1.8 MB/s  38m54s[K[?25h[?2026l[?2026h[?25l[A[1Gpulling manifest [K
pulling 60e05f210007:  10% ▕█                 ▏ 487 MB/4.7 GB  1.8 MB/s   39m0s[K[?25h[?2026l[?2026h[?25l[A[1Gpulling manifest [K
pulling 60e05f210007:  10% ▕█                 ▏ 487 MB/4.7 GB  1.8 MB/s   39m0s[K[?25h[?2026l[?2026h[?25l[A[1Gpulling manifest [K
pulling 60e05f210007:  10% ▕█                 ▏ 488 MB/4.7 GB  1.8 MB/s   39m0s[K[?25h[?2026l[?2026h[?25l[A[1Gpulling manifest [K
pulling 60e05f210007:  10% ▕█                 ▏ 488 MB/4.7 GB  1.8 MB/s   39m0s[K[?25h[?2026l[?2026h[?25l[A[1Gpulling manifest [K
pulling 60e05f210007:  10% ▕█                 ▏ 488 MB/4.7 GB  1.8 MB/s   39m0s[K[?25h[?2026l[?2026h[?25l[A[1Gpulling manifest [K
pulling 60e05f210007:  10% ▕█                 ▏ 488 MB/4.7 GB  1.8 MB/s   39m0s[K[?25h[?2026l[?2026h[?25l[A[1Gpulling manifest [K
pulling 60e05f210007:  10% ▕█                 ▏ 488 MB/4.7 GB  1.8 MB/s   39m0s[K[?25h[?2026l[?2026h[?25l[A[1Gpulling manifest [K
pulling 60e05f210007:  10% ▕█                 ▏ 488 MB/4.7 GB  1.8 MB/s  38m59s[K[?25h[?2026l[?2026h[?25l[A[1Gpulling manifest [K
pulling 60e05f210007:  10% ▕█                 ▏ 488 MB/4.7 GB  1.8 MB/s  38m59s[K[?25h[?2026l[?2026h[?25l[A[1Gpulling manifest [K
pulling 60e05f210007:  10% ▕█                 ▏ 489 MB/4.7 GB  1.8 MB/s  38m59s[K[?25h[?2026l[?2026h[?25l[A[1Gpulling manifest [K
pulling 60e05f210007:  10% ▕█                 ▏ 489 MB/4.7 GB  1.8 MB/s  39m14s[K[?25h[?2026l[?2026h[?25l[A[1Gpulling manifest [K
pulling 60e05f210007:  10% ▕█                 ▏ 489 MB/4.7 GB  1.8 MB/s  39m14s[K[?25h[?2026l[?2026h[?25l[A[1Gpulling manifest [K
pulling 60e05f210007:  10% ▕█                 ▏ 489 MB/4.7 GB  1.8 MB/s  39m14s[K[?25h[?2026l[?2026h[?25l[A[1Gpulling manifest [K
pulling 60e05f210007:  10% ▕█                 ▏ 489 MB/4.7 GB  1.8 MB/s  39m14s[K[?25h[?2026l[?2026h[?25l[A[1Gpulling manifest [K
pulling 60e05f210007:  10% ▕█                 ▏ 490 MB/4.7 GB  1.8 MB/s  39m14s[K[?25h[?2026l[?2026h[?25l[A[1Gpulling manifest [K
pulling 60e05f210007:  10% ▕█                 ▏ 490 MB/4.7 GB  1.8 MB/s  39m14s[K[?25h[?2026l[?2026h[?25l[A[1Gpulling manifest [K
pulling 60e05f210007:  10% ▕█                 ▏ 490 MB/4.7 GB  1.8 MB/s  39m14s[K[?25h[?2026l[?2026h[?25l[A[1Gpulling manifest [K
pulling 60e05f210007:  10% ▕█                 ▏ 490 MB/4.7 GB  1.8 MB/s  39m14s[K[?25h[?2026l[?2026h[?25l[A[1Gpulling manifest [K
pulling 60e05f210007:  10% ▕█                 ▏ 490 MB/4.7 GB  1.8 MB/s  39m14s[K[?25h[?2026l[?2026h[?25l[A[1Gpulling manifest [K
pulling 60e05f210007:  10% ▕█                 ▏ 490 MB/4.7 GB  1.8 MB/s  39m14s[K[?25h[?2026l[?2026h[?25l[A[1Gpulling manifest [K
pulling 60e05f210007:  10% ▕█                 ▏ 491 MB/4.7 GB  1.8 MB/s  39m18s[K[?25h[?2026l[?2026h[?25l[A[1Gpulling manifest [K
pulling 60e05f210007:  10% ▕█                 ▏ 491 MB/4.7 GB  1.8 MB/s  39m18s[K[?25h[?2026l[?2026h[?25l[A[1Gpulling manifest [K
pulling 60e05f210007:  10% ▕█                 ▏ 491 MB/4.7 GB  1.8 MB/s  39m18s[K[?25h[?2026l[?2026h[?25l[A[1Gpulling manifest [K
pulling 60e05f210007:  11% ▕█                 ▏ 491 MB/4.7 GB  1.8 MB/s  39m17s[K[?25h[?2026l[?2026h[?25l[A[1Gpulling manifest [K
pulling 60e05f210007:  11% ▕█                 ▏ 491 MB/4.7 GB  1.8 MB/s  39m17s[K[?25h[?2026l[?2026h[?25l[A[1Gpulling manifest [K
pulling 60e05f210007:  11% ▕█                 ▏ 492 MB/4.7 GB  1.8 MB/s  39m17s[K[?25h[?2026l[?2026h[?25l[A[1Gpulling manifest [K
pulling 60e05f210007:  11% ▕█                 ▏ 492 MB/4.7 GB  1.8 MB/s  39m17s[K[?25h[?2026l[?2026h[?25l[A[1Gpulling manifest [K
pulling 60e05f210007:  11% ▕█                 ▏ 492 MB/4.7 GB  1.8 MB/s  39m17s[K[?25h[?2026l[?2026h[?25l[A[1Gpulling manifest [K
pulling 60e05f210007:  11% ▕█                 ▏ 492 MB/4.7 GB  1.8 MB/s  39m17s[K[?25h[?2026l[?2026h[?25l[A[1Gpulling manifest [K
pulling 60e05f210007:  11% ▕█                 ▏ 492 MB/4.7 GB  1.8 MB/s  39m17s[K[?25h[?2026l[?2026h[?25l[A[1Gpulling manifest [K
pulling 60e05f210007:  11% ▕█                 ▏ 492 MB/4.7 GB  1.8 MB/s  39m17s[K[?25h[?2026l[?2026h[?25l[A[1Gpulling manifest [K
pulling 60e05f210007:  11% ▕█                 ▏ 493 MB/4.7 GB  1.8 MB/s   39m3s[K[?25h[?2026l[?2026h[?25l[A[1Gpulling manifest [K
pulling 60e05f210007:  11% ▕█                 ▏ 493 MB/4.7 GB  1.8 MB/s   39m3s[K[?25h[?2026l[?2026h[?25l[A[1Gpulling manifest [K
pulling 60e05f210007:  11% ▕█                 ▏ 493 MB/4.7 GB  1.8 MB/s   39m3s[K[?25h[?2026l[?2026h[?25l[A[1Gpulling manifest [K
pulling 60e05f210007:  11% ▕█                 ▏ 493 MB/4.7 GB  1.8 MB/s   39m3s[K[?25h[?2026l[?2026h[?25l[A[1Gpulling manifest [K
pulling 60e05f210007:  11% ▕█                 ▏ 493 MB/4.7 GB  1.8 MB/s   39m3s[K[?25h[?2026l[?2026h[?25l[A[1Gpulling manifest [K
pulling 60e05f210007:  11% ▕█                 ▏ 493 MB/4.7 GB  1.8 MB/s   39m3s[K[?25h[?2026l[?2026h[?25l[A[1Gpulling manifest [K
pulling 60e05f210007:  11% ▕█                 ▏ 494 MB/4.7 GB  1.8 MB/s   39m3s[K[?25h[?2026l[?2026h[?25l[A[1Gpulling manifest [K
pulling 60e05f210007:  11% ▕█                 ▏ 494 MB/4.7 GB  1.8 MB/s   39m3s[K[?25h[?2026l[?2026h[?25l[A[1Gpulling manifest [K
pulling 60e05f210007:  11% ▕█                 ▏ 494 MB/4.7 GB  1.8 MB/s   39m3s[K[?25h[?2026l[?2026h[?25l[A[1Gpulling manifest [K
pulling 60e05f210007:  11% ▕█                 ▏ 494 MB/4.7 GB  1.8 MB/s   39m3s[K[?25h[?2026l[?2026h[?25l[A[1Gpulling manifest [K
pulling 60e05f210007:  11% ▕█                 ▏ 494 MB/4.7 GB  1.8 MB/s   39m0s[K[?25h[?2026l[?2026h[?25l[A[1Gpulling manifest [K
pulling 60e05f210007:  11% ▕█                 ▏ 494 MB/4.7 GB  1.8 MB/s   39m0s[K[?25h[?2026l[?2026h[?25l[A[1Gpulling manifest [K
pulling 60e05f210007:  11% ▕█                 ▏ 495 MB/4.7 GB  1.8 MB/s   39m0s[K[?25h[?2026l[?2026h[?25l[A[1Gpulling manifest [K
pulling 60e05f210007:  11% ▕█                 ▏ 495 MB/4.7 GB  1.8 MB/s   39m0s[K[?25h[?2026l[?2026h[?25l[A[1Gpulling manifest [K
pulling 60e05f210007:  11% ▕█                 ▏ 495 MB/4.7 GB  1.8 MB/s   39m0s[K[?25h[?2026l[?2026h[?25l[A[1Gpulling manifest [K
pulling 60e05f210007:  11% ▕█                 ▏ 495 MB/4.7 GB  1.8 MB/s   39m0s[K[?25h[?2026l[?2026h[?25l[A[1Gpulling manifest [K
pulling 60e05f210007:  11% ▕█                 ▏ 495 MB/4.7 GB  1.8 MB/s   39m0s[K[?25h[?2026l[?2026h[?25l[A[1Gpulling manifest [K
pulling 60e05f210007:  11% ▕█                 ▏ 495 MB/4.7 GB  1.8 MB/s   39m0s[K[?25h[?2026l[?2026h[?25l[A[1Gpulling manifest [K
pulling 60e05f210007:  11% ▕█                 ▏ 496 MB/4.7 GB  1.8 MB/s  38m59s[K[?25h[?2026l[?2026h[?25l[A[1Gpulling manifest [K
pulling 60e05f210007:  11% ▕█                 ▏ 496 MB/4.7 GB  1.8 MB/s  38m59s[K[?25h[?2026l[?2026h[?25l[A[1Gpulling manifest [K
pulling 60e05f210007:  11% ▕█                 ▏ 496 MB/4.7 GB  1.8 MB/s  39m10s[K[?25h[?2026l[?2026h[?25l[A[1Gpulling manifest [K
pulling 60e05f210007:  11% ▕█                 ▏ 496 MB/4.7 GB  1.8 MB/s  39m10s[K[?25h[?2026l[?2026h[?25l[A[1Gpulling manifest [K
pulling 60e05f210007:  11% ▕█                 ▏ 496 MB/4.7 GB  1.8 MB/s  39m10s[K[?25h[?2026l[?2026h[?25l[A[1Gpulling manifest [K
pulling 60e05f210007:  11% ▕█                 ▏ 496 MB/4.7 GB  1.8 MB/s  39m10s[K[?25h[?2026l[?2026h[?25l[A[1Gpulling manifest [K
pulling 60e05f210007:  11% ▕█                 ▏ 497 MB/4.7 GB  1.8 MB/s   39m9s[K[?25h[?2026l[?2026h[?25l[A[1Gpulling manifest [K
pulling 60e05f210007:  11% ▕█                 ▏ 497 MB/4.7 GB  1.8 MB/s   39m9s[K[?25h[?2026l[?2026h[?25l[A[1Gpulling manifest [K
pulling 60e05f210007:  11% ▕█                 ▏ 497 MB/4.7 GB  1.8 MB/s   39m9s[K[?25h[?2026l[?2026h[?25l[A[1Gpulling manifest [K
pulling 60e05f210007:  11% ▕█                 ▏ 497 MB/4.7 GB  1.8 MB/s   39m9s[K[?25h[?2026l[?2026h[?25l[A[1Gpulling manifest [K
pulling 60e05f210007:  11% ▕█                 ▏ 497 MB/4.7 GB  1.8 MB/s   39m9s[K[?25h[?2026l[?2026h[?25l[A[1Gpulling manifest [K
pulling 60e05f210007:  11% ▕█                 ▏ 498 MB/4.7 GB  1.8 MB/s   39m9s[K[?25h[?2026l[?2026h[?25l[A[1Gpulling manifest [K
pulling 60e05f210007:  11% ▕█                 ▏ 498 MB/4.7 GB  1.8 MB/s  38m40s[K[?25h[?2026l[?2026h[?25l[A[1Gpulling manifest [K
pulling 60e05f210007:  11% ▕█                 ▏ 498 MB/4.7 GB  1.8 MB/s  38m39s[K[?25h[?2026l[?2026h[?25l[A[1Gpulling manifest [K
pulling 60e05f210007:  11% ▕█                 ▏ 498 MB/4.7 GB  1.8 MB/s  38m39s[K[?25h[?2026l[?2026h[?25l[A[1Gpulling manifest [K
pulling 60e05f210007:  11% ▕█                 ▏ 498 MB/4.7 GB  1.8 MB/s  38m39s[K[?25h[?2026l[?2026h[?25l[A[1Gpulling manifest [K
pulling 60e05f210007:  11% ▕█                 ▏ 498 MB/4.7 GB  1.8 MB/s  38m39s[K[?25h[?2026l[?2026h[?25l[A[1Gpulling manifest [K
pulling 60e05f210007:  11% ▕█                 ▏ 499 MB/4.7 GB  1.8 MB/s  38m39s[K[?25h[?2026l[?2026h[?25l[A[1Gpulling manifest [K
pulling 60e05f210007:  11% ▕█                 ▏ 499 MB/4.7 GB  1.8 MB/s  38m39s[K[?25h[?2026l[?2026h[?25l[A[1Gpulling manifest [K
pulling 60e05f210007:  11% ▕█                 ▏ 499 MB/4.7 GB  1.8 MB/s  38m39s[K[?25h[?2026l[?2026h[?25l[A[1Gpulling manifest [K
pulling 60e05f210007:  11% ▕█                 ▏ 499 MB/4.7 GB  1.8 MB/s  38m39s[K[?25h[?2026l[?2026h[?25l[A[1Gpulling manifest [K
pulling 60e05f210007:  11% ▕█                 ▏ 499 MB/4.7 GB  1.8 MB/s  38m39s[K[?25h[?2026l[?2026h[?25l[A[1Gpulling manifest [K
pulling 60e05f210007:  11% ▕█                 ▏ 500 MB/4.7 GB  1.8 MB/s  39m15s[K[?25h[?2026l[?2026h[?25l[A[1Gpulling manifest [K
pulling 60e05f210007:  11% ▕█                 ▏ 500 MB/4.7 GB  1.8 MB/s  39m15s[K[?25h[?2026l[?2026h[?25l[A[1Gpulling manifest [K
pulling 60e05f210007:  11% ▕█                 ▏ 500 MB/4.7 GB  1.8 MB/s  39m15s[K[?25h[?2026l[?2026h[?25l[A[1Gpulling manifest [K
pulling 60e05f210007:  11% ▕█                 ▏ 500 MB/4.7 GB  1.8 MB/s  39m15s[K[?25h[?2026l[?2026h[?25l[A[1Gpulling manifest [K
pulling 60e05f210007:  11% ▕█                 ▏ 500 MB/4.7 GB  1.8 MB/s  39m14s[K[?25h[?2026l[?2026h[?25l[A[1Gpulling manifest [K
pulling 60e05f210007:  11% ▕█                 ▏ 500 MB/4.7 GB  1.8 MB/s  39m14s[K[?25h[?2026l[?2026h[?25l[A[1Gpulling manifest [K
pulling 60e05f210007:  11% ▕█                 ▏ 501 MB/4.7 GB  1.8 MB/s  39m14s[K[?25h[?2026l[?2026h[?25l[A[1Gpulling manifest [K
pulling 60e05f210007:  11% ▕█                 ▏ 501 MB/4.7 GB  1.8 MB/s  39m14s[K[?25h[?2026l[?2026h[?25l[A[1Gpulling manifest [K
pulling 60e05f210007:  11% ▕█                 ▏ 501 MB/4.7 GB  1.8 MB/s  39m14s[K[?25h[?2026l[?2026h[?25l[A[1Gpulling manifest [K
pulling 60e05f210007:  11% ▕█                 ▏ 501 MB/4.7 GB  1.8 MB/s  39m14s[K[?25h[?2026l[?2026h[?25l[A[1Gpulling manifest [K
pulling 60e05f210007:  11% ▕█                 ▏ 501 MB/4.7 GB  1.8 MB/s  39m14s[K[?25h[?2026l[?2026h[?25l[A[1Gpulling manifest [K
pulling 60e05f210007:  11% ▕█                 ▏ 501 MB/4.7 GB  1.8 MB/s  38m52s[K[?25h[?2026l[?2026h[?25l[A[1Gpulling manifest [K
pulling 60e05f210007:  11% ▕█                 ▏ 502 MB/4.7 GB  1.8 MB/s  38m52s[K[?25h[?2026l[?2026h[?25l[A[1Gpulling manifest [K
pulling 60e05f210007:  11% ▕█                 ▏ 502 MB/4.7 GB  1.8 MB/s  38m52s[K[?25h[?2026l[?2026h[?25l[A[1Gpulling manifest [K
pulling 60e05f210007:  11% ▕█                 ▏ 502 MB/4.7 GB  1.8 MB/s  38m52s[K[?25h[?2026l[?2026h[?25l[A[1Gpulling manifest [K
pulling 60e05f210007:  11% ▕█                 ▏ 502 MB/4.7 GB  1.8 MB/s  38m51s[K[?25h[?2026l[?2026h[?25l[A[1Gpulling manifest [K
pulling 60e05f210007:  11% ▕█                 ▏ 502 MB/4.7 GB  1.8 MB/s  38m51s[K[?25h[?2026l[?2026h[?25l[A[1Gpulling manifest [K
pulling 60e05f210007:  11% ▕█                 ▏ 502 MB/4.7 GB  1.8 MB/s  38m51s[K[?25h[?2026l[?2026h[?25l[A[1Gpulling manifest [K
pulling 60e05f210007:  11% ▕█                 ▏ 503 MB/4.7 GB  1.8 MB/s  38m51s[K[?25h[?2026l[?2026h[?25l[A[1Gpulling manifest [K
pulling 60e05f210007:  11% ▕█                 ▏ 503 MB/4.7 GB  1.8 MB/s  38m51s[K[?25h[?2026l[?2026h[?25l[A[1Gpulling manifest [K
pulling 60e05f210007:  11% ▕█                 ▏ 503 MB/4.7 GB  1.8 MB/s  38m51s[K[?25h[?2026l[?2026h[?25l[A[1Gpulling manifest [K
pulling 60e05f210007:  11% ▕█                 ▏ 503 MB/4.7 GB  1.8 MB/s   39m1s[K[?25h[?2026l[?2026h[?25l[A[1Gpulling manifest [K
pulling 60e05f210007:  11% ▕█                 ▏ 503 MB/4.7 GB  1.8 MB/s   39m1s[K[?25h[?2026l[?2026h[?25l[A[1Gpulling manifest [K
pulling 60e05f210007:  11% ▕█                 ▏ 504 MB/4.7 GB  1.8 MB/s   39m1s[K[?25h[?2026l[?2026h[?25l[A[1Gpulling manifest [K
pulling 60e05f210007:  11% ▕█                 ▏ 504 MB/4.7 GB  1.8 MB/s   39m1s[K[?25h[?2026l[?2026h[?25l[A[1Gpulling manifest [K
pulling 60e05f210007:  11% ▕█                 ▏ 504 MB/4.7 GB  1.8 MB/s   39m1s[K[?25h[?2026l[?2026h[?25l[A[1Gpulling manifest [K
pulling 60e05f210007:  11% ▕█                 ▏ 504 MB/4.7 GB  1.8 MB/s   39m1s[K[?25h[?2026l[?2026h[?25l[A[1Gpulling manifest [K
pulling 60e05f210007:  11% ▕█                 ▏ 504 MB/4.7 GB  1.8 MB/s   39m0s[K[?25h[?2026l[?2026h[?25l[A[1Gpulling manifest [K
pulling 60e05f210007:  11% ▕█                 ▏ 504 MB/4.7 GB  1.8 MB/s   39m0s[K[?25h[?2026l[?2026h[?25l[A[1Gpulling manifest [K
pulling 60e05f210007:  11% ▕█                 ▏ 505 MB/4.7 GB  1.8 MB/s   39m0s[K[?25h[?2026l[?2026h[?25l[A[1Gpulling manifest [K
pulling 60e05f210007:  11% ▕█                 ▏ 505 MB/4.7 GB  1.8 MB/s   39m0s[K[?25h[?2026l[?2026h[?25l[A[1Gpulling manifest [K
pulling 60e05f210007:  11% ▕█                 ▏ 505 MB/4.7 GB  1.8 MB/s   39m4s[K[?25h[?2026l[?2026h[?25l[A[1Gpulling manifest [K
pulling 60e05f210007:  11% ▕█                 ▏ 505 MB/4.7 GB  1.8 MB/s   39m4s[K[?25h[?2026l[?2026h[?25l[A[1Gpulling manifest [K
pulling 60e05f210007:  11% ▕█                 ▏ 505 MB/4.7 GB  1.8 MB/s   39m4s[K[?25h[?2026l[?2026h[?25l[A[1Gpulling manifest [K
pulling 60e05f210007:  11% ▕█                 ▏ 505 MB/4.7 GB  1.8 MB/s   39m4s[K[?25h[?2026l[?2026h[?25l[A[1Gpulling manifest [K
pulling 60e05f210007:  11% ▕█                 ▏ 506 MB/4.7 GB  1.8 MB/s   39m3s[K[?25h[?2026l[?2026h[?25l[A[1Gpulling manifest [K
pulling 60e05f210007:  11% ▕█                 ▏ 506 MB/4.7 GB  1.8 MB/s   39m3s[K[?25h[?2026l[?2026h[?25l[A[1Gpulling manifest [K
pulling 60e05f210007:  11% ▕█                 ▏ 506 MB/4.7 GB  1.8 MB/s   39m3s[K[?25h[?2026l[?2026h[?25l[A[1Gpulling manifest [K
pulling 60e05f210007:  11% ▕█                 ▏ 506 MB/4.7 GB  1.8 MB/s   39m3s[K[?25h[?2026l[?2026h[?25l[A[1Gpulling manifest [K
pulling 60e05f210007:  11% ▕█                 ▏ 506 MB/4.7 GB  1.8 MB/s   39m3s[K[?25h[?2026l[?2026h[?25l[A[1Gpulling manifest [K
pulling 60e05f210007:  11% ▕█                 ▏ 507 MB/4.7 GB  1.8 MB/s   39m3s[K[?25h[?2026l[?2026h[?25l[A[1Gpulling manifest [K
pulling 60e05f210007:  11% ▕█                 ▏ 507 MB/4.7 GB  1.8 MB/s   39m0s[K[?25h[?2026l[?2026h[?25l[A[1Gpulling manifest [K
pulling 60e05f210007:  11% ▕█                 ▏ 507 MB/4.7 GB  1.8 MB/s   39m0s[K[?25h[?2026l[?2026h[?25l[A[1Gpulling manifest [K
pulling 60e05f210007:  11% ▕█                 ▏ 507 MB/4.7 GB  1.8 MB/s   39m0s[K[?25h[?2026l[?2026h[?25l[A[1Gpulling manifest [K
pulling 60e05f210007:  11% ▕█                 ▏ 507 MB/4.7 GB  1.8 MB/s   39m0s[K[?25h[?2026l[?2026h[?25l[A[1Gpulling manifest [K
pulling 60e05f210007:  11% ▕█                 ▏ 507 MB/4.7 GB  1.8 MB/s   39m0s[K[?25h[?2026l[?2026h[?25l[A[1Gpulling manifest [K
pulling 60e05f210007:  11% ▕█                 ▏ 508 MB/4.7 GB  1.8 MB/s   39m0s[K[?25h[?2026l[?2026h[?25l[A[1Gpulling manifest [K
pulling 60e05f210007:  11% ▕█                 ▏ 508 MB/4.7 GB  1.8 MB/s   39m0s[K[?25h[?2026l[?2026h[?25l[A[1Gpulling manifest [K
pulling 60e05f210007:  11% ▕█                 ▏ 508 MB/4.7 GB  1.8 MB/s   39m0s[K[?25h[?2026l[?2026h[?25l[A[1Gpulling manifest [K
pulling 60e05f210007:  11% ▕█                 ▏ 508 MB/4.7 GB  1.8 MB/s   39m0s[K[?25h[?2026l[?2026h[?25l[A[1Gpulling manifest [K
pulling 60e05f210007:  11% ▕█                 ▏ 508 MB/4.7 GB  1.8 MB/s   39m0s[K[?25h[?2026l[?2026h[?25l[A[1Gpulling manifest [K
pulling 60e05f210007:  11% ▕█                 ▏ 508 MB/4.7 GB  1.8 MB/s  39m10s[K[?25h[?2026l[?2026h[?25l[A[1Gpulling manifest [K
pulling 60e05f210007:  11% ▕█                 ▏ 509 MB/4.7 GB  1.8 MB/s  39m10s[K[?25h[?2026l[?2026h[?25l[A[1Gpulling manifest [K
pulling 60e05f210007:  11% ▕█                 ▏ 509 MB/4.7 GB  1.8 MB/s  39m10s[K[?25h[?2026l[?2026h[?25l[A[1Gpulling manifest [K
pulling 60e05f210007:  11% ▕█                 ▏ 509 MB/4.7 GB  1.8 MB/s  39m10s[K[?25h[?2026l[?2026h[?25l[A[1Gpulling manifest [K
pulling 60e05f210007:  11% ▕█                 ▏ 509 MB/4.7 GB  1.8 MB/s  39m10s[K[?25h[?2026l[?2026h[?25l[A[1Gpulling manifest [K
pulling 60e05f210007:  11% ▕█                 ▏ 509 MB/4.7 GB  1.8 MB/s  39m10s[K[?25h[?2026l[?2026h[?25l[A[1Gpulling manifest [K
pulling 60e05f210007:  11% ▕█                 ▏ 509 MB/4.7 GB  1.8 MB/s   39m9s[K[?25h[?2026l[?2026h[?25l[A[1Gpulling manifest [K
pulling 60e05f210007:  11% ▕█                 ▏ 510 MB/4.7 GB  1.8 MB/s   39m9s[K[?25h[?2026l[?2026h[?25l[A[1Gpulling manifest [K
pulling 60e05f210007:  11% ▕█                 ▏ 510 MB/4.7 GB  1.8 MB/s   39m9s[K[?25h[?2026l[?2026h[?25l[A[1Gpulling manifest [K
pulling 60e05f210007:  11% ▕█                 ▏ 510 MB/4.7 GB  1.8 MB/s   39m9s[K[?25h[?2026l[?2026h[?25l[A[1Gpulling manifest [K
pulling 60e05f210007:  11% ▕█                 ▏ 510 MB/4.7 GB  1.8 MB/s   39m9s[K[?25h[?2026l[?2026h[?25l[A[1Gpulling manifest [K
pulling 60e05f210007:  11% ▕█                 ▏ 510 MB/4.7 GB  1.8 MB/s   39m2s[K[?25h[?2026l[?2026h[?25l[A[1Gpulling manifest [K
pulling 60e05f210007:  11% ▕█                 ▏ 511 MB/4.7 GB  1.8 MB/s   39m2s[K[?25h[?2026l[?2026h[?25l[A[1Gpulling manifest [K
pulling 60e05f210007:  11% ▕█                 ▏ 511 MB/4.7 GB  1.8 MB/s   39m2s[K[?25h[?2026l[?2026h[?25l[A[1Gpulling manifest [K
pulling 60e05f210007:  11% ▕█                 ▏ 511 MB/4.7 GB  1.8 MB/s   39m2s[K[?25h[?2026l[?2026h[?25l[A[1Gpulling manifest [K
pulling 60e05f210007:  11% ▕█                 ▏ 511 MB/4.7 GB  1.8 MB/s   39m2s[K[?25h[?2026l[?2026h[?25l[A[1Gpulling manifest [K
pulling 60e05f210007:  11% ▕█                 ▏ 511 MB/4.7 GB  1.8 MB/s   39m2s[K[?25h[?2026l[?2026h[?25l[A[1Gpulling manifest [K
pulling 60e05f210007:  11% ▕█                 ▏ 511 MB/4.7 GB  1.8 MB/s   39m2s[K[?25h[?2026l[?2026h[?25l[A[1Gpulling manifest [K
pulling 60e05f210007:  11% ▕█                 ▏ 512 MB/4.7 GB  1.8 MB/s   39m1s[K[?25h[?2026l[?2026h[?25l[A[1Gpulling manifest [K
pulling 60e05f210007:  11% ▕█                 ▏ 512 MB/4.7 GB  1.8 MB/s   39m1s[K[?25h[?2026l[?2026h[?25l[A[1Gpulling manifest [K
pulling 60e05f210007:  11% ▕█                 ▏ 512 MB/4.7 GB  1.8 MB/s   39m1s[K[?25h[?2026l[?2026h[?25l[A[1Gpulling manifest [K
pulling 60e05f210007:  11% ▕█                 ▏ 512 MB/4.7 GB  1.8 MB/s  38m48s[K[?25h[?2026l[?2026h[?25l[A[1Gpulling manifest [K
pulling 60e05f210007:  11% ▕█                 ▏ 512 MB/4.7 GB  1.8 MB/s  38m48s[K[?25h[?2026l[?2026h[?25l[A[1Gpulling manifest [K
pulling 60e05f210007:  11% ▕█                 ▏ 513 MB/4.7 GB  1.8 MB/s  38m47s[K[?25h[?2026l[?2026h[?25l[A[1Gpulling manifest [K
pulling 60e05f210007:  11% ▕█                 ▏ 513 MB/4.7 GB  1.8 MB/s  38m47s[K[?25h[?2026l[?2026h[?25l[A[1Gpulling manifest [K
pulling 60e05f210007:  11% ▕█                 ▏ 513 MB/4.7 GB  1.8 MB/s  38m47s[K[?25h[?2026l[?2026h[?25l[A[1Gpulling manifest [K
pulling 60e05f210007:  11% ▕█                 ▏ 513 MB/4.7 GB  1.8 MB/s  38m47s[K[?25h[?2026l[?2026h[?25l[A[1Gpulling manifest [K
pulling 60e05f210007:  11% ▕█                 ▏ 513 MB/4.7 GB  1.8 MB/s  38m47s[K[?25h[?2026l[?2026h[?25l[A[1Gpulling manifest [K
pulling 60e05f210007:  11% ▕█                 ▏ 513 MB/4.7 GB  1.8 MB/s  38m47s[K[?25h[?2026l[?2026h[?25l[A[1Gpulling manifest [K
pulling 60e05f210007:  11% ▕█                 ▏ 514 MB/4.7 GB  1.8 MB/s  38m47s[K[?25h[?2026l[?2026h[?25l[A[1Gpulling manifest [K
pulling 60e05f210007:  11% ▕█                 ▏ 514 MB/4.7 GB  1.8 MB/s  38m47s[K[?25h[?2026l[?2026h[?25l[A[1Gpulling manifest [K
pulling 60e05f210007:  11% ▕█                 ▏ 514 MB/4.7 GB  1.8 MB/s  39m14s[K[?25h[?2026l[?2026h[?25l[A[1Gpulling manifest [K
pulling 60e05f210007:  11% ▕█                 ▏ 514 MB/4.7 GB  1.8 MB/s  39m14s[K[?25h[?2026l[?2026h[?25l[A[1Gpulling manifest [K
pulling 60e05f210007:  11% ▕█                 ▏ 514 MB/4.7 GB  1.8 MB/s  39m14s[K[?25h[?2026l[?2026h[?25l[A[1Gpulling manifest [K
pulling 60e05f210007:  11% ▕█                 ▏ 514 MB/4.7 GB  1.8 MB/s  39m14s[K[?25h[?2026l[?2026h[?25l[A[1Gpulling manifest [K
pulling 60e05f210007:  11% ▕█                 ▏ 515 MB/4.7 GB  1.8 MB/s  39m14s[K[?25h[?2026l[?2026h[?25l[A[1Gpulling manifest [K
pulling 60e05f210007:  11% ▕█                 ▏ 515 MB/4.7 GB  1.8 MB/s  39m14s[K[?25h[?2026l[?2026h[?25l[A[1Gpulling manifest [K
pulling 60e05f210007:  11% ▕█                 ▏ 515 MB/4.7 GB  1.8 MB/s  39m14s[K[?25h[?2026l[?2026h[?25l[A[1Gpulling manifest [K
pulling 60e05f210007:  11% ▕█                 ▏ 515 MB/4.7 GB  1.8 MB/s  39m13s[K[?25h[?2026l[?2026h[?25l[A[1Gpulling manifest [K
pulling 60e05f210007:  11% ▕█                 ▏ 515 MB/4.7 GB  1.8 MB/s  39m13s[K[?25h[?2026l[?2026h[?25l[A[1Gpulling manifest [K
pulling 60e05f210007:  11% ▕█                 ▏ 515 MB/4.7 GB  1.8 MB/s  39m13s[K[?25h[?2026l[?2026h[?25l[A[1Gpulling manifest [K
pulling 60e05f210007:  11% ▕█                 ▏ 516 MB/4.7 GB  1.8 MB/s  38m44s[K[?25h[?2026l[?2026h[?25l[A[1Gpulling manifest [K
pulling 60e05f210007:  11% ▕█                 ▏ 516 MB/4.7 GB  1.8 MB/s  38m44s[K[?25h[?2026l[?2026h[?25l[A[1Gpulling manifest [K
pulling 60e05f210007:  11% ▕█                 ▏ 516 MB/4.7 GB  1.8 MB/s  38m44s[K[?25h[?2026l[?2026h[?25l[A[1Gpulling manifest [K
pulling 60e05f210007:  11% ▕█                 ▏ 516 MB/4.7 GB  1.8 MB/s  38m44s[K[?25h[?2026l[?2026h[?25l[A[1Gpulling manifest [K
pulling 60e05f210007:  11% ▕█                 ▏ 516 MB/4.7 GB  1.8 MB/s  38m44s[K[?25h[?2026l[?2026h[?25l[A[1Gpulling manifest [K
pulling 60e05f210007:  11% ▕█                 ▏ 516 MB/4.7 GB  1.8 MB/s  38m44s[K[?25h[?2026l[?2026h[?25l[A[1Gpulling manifest [K
pulling 60e05f210007:  11% ▕█                 ▏ 517 MB/4.7 GB  1.8 MB/s  38m44s[K[?25h[?2026l[?2026h[?25l[A[1Gpulling manifest [K
pulling 60e05f210007:  11% ▕█                 ▏ 517 MB/4.7 GB  1.8 MB/s  38m44s[K[?25h[?2026l[?2026h[?25l[A[1Gpulling manifest [K
pulling 60e05f210007:  11% ▕█                 ▏ 517 MB/4.7 GB  1.8 MB/s  38m44s[K[?25h[?2026l[?2026h[?25l[A[1Gpulling manifest [K
pulling 60e05f210007:  11% ▕█                 ▏ 517 MB/4.7 GB  1.8 MB/s  38m44s[K[?25h[?2026l[?2026h[?25l[A[1Gpulling manifest [K
pulling 60e05f210007:  11% ▕█                 ▏ 517 MB/4.7 GB  1.8 MB/s   39m1s[K[?25h[?2026l[?2026h[?25l[A[1Gpulling manifest [K
pulling 60e05f210007:  11% ▕█                 ▏ 518 MB/4.7 GB  1.8 MB/s   39m1s[K[?25h[?2026l[?2026h[?25l[A[1Gpulling manifest [K
pulling 60e05f210007:  11% ▕█                 ▏ 518 MB/4.7 GB  1.8 MB/s   39m0s[K[?25h[?2026l[?2026h[?25l[A[1Gpulling manifest [K
pulling 60e05f210007:  11% ▕█                 ▏ 518 MB/4.7 GB  1.8 MB/s   39m0s[K[?25h[?2026l[?2026h[?25l[A[1Gpulling manifest [K
pulling 60e05f210007:  11% ▕█                 ▏ 518 MB/4.7 GB  1.8 MB/s   39m0s[K[?25h[?2026l[?2026h[?25l[A[1Gpulling manifest [K
pulling 60e05f210007:  11% ▕█                 ▏ 518 MB/4.7 GB  1.8 MB/s   39m0s[K[?25h[?2026l[?2026h[?25l[A[1Gpulling manifest [K
pulling 60e05f210007:  11% ▕█                 ▏ 518 MB/4.7 GB  1.8 MB/s   39m0s[K[?25h[?2026l[?2026h[?25l[A[1Gpulling manifest [K
pulling 60e05f210007:  11% ▕█                 ▏ 519 MB/4.7 GB  1.8 MB/s   39m0s[K[?25h[?2026l[?2026h[?25l[A[1Gpulling manifest [K
pulling 60e05f210007:  11% ▕█                 ▏ 519 MB/4.7 GB  1.8 MB/s   39m0s[K[?25h[?2026l[?2026h[?25l[A[1Gpulling manifest [K
pulling 60e05f210007:  11% ▕█                 ▏ 519 MB/4.7 GB  1.8 MB/s   39m0s[K[?25h[?2026l[?2026h[?25l[A[1Gpulling manifest [K
pulling 60e05f210007:  11% ▕█                 ▏ 519 MB/4.7 GB  1.8 MB/s   39m0s[K[?25h[?2026l[?2026h[?25l[A[1Gpulling manifest [K
pulling 60e05f210007:  11% ▕█                 ▏ 519 MB/4.7 GB  1.8 MB/s  38m36s[K[?25h[?2026l[?2026h[?25l[A[1Gpulling manifest [K
pulling 60e05f210007:  11% ▕█                 ▏ 520 MB/4.7 GB  1.8 MB/s  38m36s[K[?25h[?2026l[?2026h[?25l[A[1Gpulling manifest [K
pulling 60e05f210007:  11% ▕█                 ▏ 520 MB/4.7 GB  1.8 MB/s  38m36s[K[?25h[?2026l[?2026h[?25l[A[1Gpulling manifest [K
pulling 60e05f210007:  11% ▕█                 ▏ 520 MB/4.7 GB  1.8 MB/s  38m36s[K[?25h[?2026l[?2026h[?25l[A[1Gpulling manifest [K
pulling 60e05f210007:  11% ▕██                ▏ 520 MB/4.7 GB  1.8 MB/s  38m35s[K[?25h[?2026l[?2026h[?25l[A[1Gpulling manifest [K
pulling 60e05f210007:  11% ▕██                ▏ 520 MB/4.7 GB  1.8 MB/s  38m35s[K[?25h[?2026l[?2026h[?25l[A[1Gpulling manifest [K
pulling 60e05f210007:  11% ▕██                ▏ 520 MB/4.7 GB  1.8 MB/s  38m35s[K[?25h[?2026l[?2026h[?25l[A[1Gpulling manifest [K
pulling 60e05f210007:  11% ▕██                ▏ 521 MB/4.7 GB  1.8 MB/s  38m35s[K[?25h[?2026l[?2026h[?25l[A[1Gpulling manifest [K
pulling 60e05f210007:  11% ▕██                ▏ 521 MB/4.7 GB  1.8 MB/s  38m35s[K[?25h[?2026l[?2026h[?25l[A[1Gpulling manifest [K
pulling 60e05f210007:  11% ▕██                ▏ 521 MB/4.7 GB  1.8 MB/s  38m35s[K[?25h[?2026l[?2026h[?25l[A[1Gpulling manifest [K
pulling 60e05f210007:  11% ▕██                ▏ 521 MB/4.7 GB  1.8 MB/s  38m51s[K[?25h[?2026l[?2026h[?25l[A[1Gpulling manifest [K
pulling 60e05f210007:  11% ▕██                ▏ 521 MB/4.7 GB  1.8 MB/s  38m51s[K[?25h[?2026l[?2026h[?25l[A[1Gpulling manifest [K
pulling 60e05f210007:  11% ▕██                ▏ 521 MB/4.7 GB  1.8 MB/s  38m51s[K[?25h[?2026l[?2026h[?25l[A[1Gpulling manifest [K
pulling 60e05f210007:  11% ▕██                ▏ 522 MB/4.7 GB  1.8 MB/s  38m51s[K[?25h[?2026l[?2026h[?25l[A[1Gpulling manifest [K
pulling 60e05f210007:  11% ▕██                ▏ 522 MB/4.7 GB  1.8 MB/s  38m51s[K[?25h[?2026l[?2026h[?25l[A[1Gpulling manifest [K
pulling 60e05f210007:  11% ▕██                ▏ 522 MB/4.7 GB  1.8 MB/s  38m51s[K[?25h[?2026l[?2026h[?25l[A[1Gpulling manifest [K
pulling 60e05f210007:  11% ▕██                ▏ 522 MB/4.7 GB  1.8 MB/s  38m51s[K[?25h[?2026l[?2026h[?25l[A[1Gpulling manifest [K
pulling 60e05f210007:  11% ▕██                ▏ 522 MB/4.7 GB  1.8 MB/s  38m51s[K[?25h[?2026l[?2026h[?25l[A[1Gpulling manifest [K
pulling 60e05f210007:  11% ▕██                ▏ 523 MB/4.7 GB  1.8 MB/s  38m51s[K[?25h[?2026l[?2026h[?25l[A[1Gpulling manifest [K
pulling 60e05f210007:  11% ▕██                ▏ 523 MB/4.7 GB  1.8 MB/s  38m51s[K[?25h[?2026l[?2026h[?25l[A[1Gpulling manifest [K
pulling 60e05f210007:  11% ▕██                ▏ 523 MB/4.7 GB  1.8 MB/s  38m44s[K[?25h[?2026l[?2026h[?25l[A[1Gpulling manifest [K
pulling 60e05f210007:  11% ▕██                ▏ 523 MB/4.7 GB  1.8 MB/s  38m44s[K[?25h[?2026l[?2026h[?25l[A[1Gpulling manifest [K
pulling 60e05f210007:  11% ▕██                ▏ 523 MB/4.7 GB  1.8 MB/s  38m44s[K[?25h[?2026l[?2026h[?25l[A[1Gpulling manifest [K
pulling 60e05f210007:  11% ▕██                ▏ 523 MB/4.7 GB  1.8 MB/s  38m44s[K[?25h[?2026l[?2026h[?25l[A[1Gpulling manifest [K
pulling 60e05f210007:  11% ▕██                ▏ 524 MB/4.7 GB  1.8 MB/s  38m44s[K[?25h[?2026l[?2026h[?25l[A[1Gpulling manifest [K
pulling 60e05f210007:  11% ▕██                ▏ 524 MB/4.7 GB  1.8 MB/s  38m44s[K[?25h[?2026l[?2026h[?25l[A[1Gpulling manifest [K
pulling 60e05f210007:  11% ▕██                ▏ 524 MB/4.7 GB  1.8 MB/s  38m44s[K[?25h[?2026l[?2026h[?25l[A[1Gpulling manifest [K
pulling 60e05f210007:  11% ▕██                ▏ 524 MB/4.7 GB  1.8 MB/s  38m44s[K[?25h[?2026l[?2026h[?25l[A[1Gpulling manifest [K
pulling 60e05f210007:  11% ▕██                ▏ 524 MB/4.7 GB  1.8 MB/s  38m44s[K[?25h[?2026l[?2026h[?25l[A[1Gpulling manifest [K
pulling 60e05f210007:  11% ▕██                ▏ 524 MB/4.7 GB  1.8 MB/s  38m44s[K[?25h[?2026l[?2026h[?25l[A[1Gpulling manifest [K
pulling 60e05f210007:  11% ▕██                ▏ 525 MB/4.7 GB  1.8 MB/s  38m47s[K[?25h[?2026l[?2026h[?25l[A[1Gpulling manifest [K
pulling 60e05f210007:  11% ▕██                ▏ 525 MB/4.7 GB  1.8 MB/s  38m47s[K[?25h[?2026l[?2026h[?25l[A[1Gpulling manifest [K
pulling 60e05f210007:  11% ▕██                ▏ 525 MB/4.7 GB  1.8 MB/s  38m47s[K[?25h[?2026l[?2026h[?25l[A[1Gpulling manifest [K
pulling 60e05f210007:  11% ▕██                ▏ 525 MB/4.7 GB  1.8 MB/s  38m47s[K[?25h[?2026l[?2026h[?25l[A[1Gpulling manifest [K
pulling 60e05f210007:  11% ▕██                ▏ 525 MB/4.7 GB  1.8 MB/s  38m47s[K[?25h[?2026l[?2026h[?25l[A[1Gpulling manifest [K
pulling 60e05f210007:  11% ▕██                ▏ 525 MB/4.7 GB  1.8 MB/s  38m47s[K[?25h[?2026l[?2026h[?25l[A[1Gpulling manifest [K
pulling 60e05f210007:  11% ▕██                ▏ 526 MB/4.7 GB  1.8 MB/s  38m47s[K[?25h[?2026l[?2026h[?25l[A[1Gpulling manifest [K
pulling 60e05f210007:  11% ▕██                ▏ 526 MB/4.7 GB  1.8 MB/s  38m46s[K[?25h[?2026l[?2026h[?25l[A[1Gpulling manifest [K
pulling 60e05f210007:  11% ▕██                ▏ 526 MB/4.7 GB  1.8 MB/s  38m46s[K[?25h[?2026l[?2026h[?25l[A[1Gpulling manifest [K
pulling 60e05f210007:  11% ▕██                ▏ 526 MB/4.7 GB  1.8 MB/s  38m46s[K[?25h[?2026l[?2026h[?25l[A[1Gpulling manifest [K
pulling 60e05f210007:  11% ▕██                ▏ 526 MB/4.7 GB  1.8 MB/s  38m43s[K[?25h[?2026l[?2026h[?25l[A[1Gpulling manifest [K
pulling 60e05f210007:  11% ▕██                ▏ 526 MB/4.7 GB  1.8 MB/s  38m43s[K[?25h[?2026l[?2026h[?25l[A[1Gpulling manifest [K
pulling 60e05f210007:  11% ▕██                ▏ 527 MB/4.7 GB  1.8 MB/s  38m43s[K[?25h[?2026l[?2026h[?25l[A[1Gpulling manifest [K
pulling 60e05f210007:  11% ▕██                ▏ 527 MB/4.7 GB  1.8 MB/s  38m43s[K[?25h[?2026l[?2026h[?25l[A[1Gpulling manifest [K
pulling 60e05f210007:  11% ▕██                ▏ 527 MB/4.7 GB  1.8 MB/s  38m43s[K[?25h[?2026l[?2026h[?25l[A[1Gpulling manifest [K
pulling 60e05f210007:  11% ▕██                ▏ 527 MB/4.7 GB  1.8 MB/s  38m43s[K[?25h[?2026l[?2026h[?25l[A[1Gpulling manifest [K
pulling 60e05f210007:  11% ▕██                ▏ 527 MB/4.7 GB  1.8 MB/s  38m43s[K[?25h[?2026l[?2026h[?25l[A[1Gpulling manifest [K
pulling 60e05f210007:  11% ▕██                ▏ 527 MB/4.7 GB  1.8 MB/s  38m43s[K[?25h[?2026l[?2026h[?25l[A[1Gpulling manifest [K
pulling 60e05f210007:  11% ▕██                ▏ 528 MB/4.7 GB  1.8 MB/s  38m43s[K[?25h[?2026l[?2026h[?25l[A[1Gpulling manifest [K
pulling 60e05f210007:  11% ▕██                ▏ 528 MB/4.7 GB  1.8 MB/s  38m42s[K[?25h[?2026l[?2026h[?25l[A[1Gpulling manifest [K
pulling 60e05f210007:  11% ▕██                ▏ 528 MB/4.7 GB  1.8 MB/s  38m42s[K[?25h[?2026l[?2026h[?25l[A[1Gpulling manifest [K
pulling 60e05f210007:  11% ▕██                ▏ 528 MB/4.7 GB  1.8 MB/s  38m52s[K[?25h[?2026l[?2026h[?25l[A[1Gpulling manifest [K
pulling 60e05f210007:  11% ▕██                ▏ 528 MB/4.7 GB  1.8 MB/s  38m52s[K[?25h[?2026l[?2026h[?25l[A[1Gpulling manifest [K
pulling 60e05f210007:  11% ▕██                ▏ 528 MB/4.7 GB  1.8 MB/s  38m52s[K[?25h[?2026l[?2026h[?25l[A[1Gpulling manifest [K
pulling 60e05f210007:  11% ▕██                ▏ 529 MB/4.7 GB  1.8 MB/s  38m52s[K[?25h[?2026l[?2026h[?25l[A[1Gpulling manifest [K
pulling 60e05f210007:  11% ▕██                ▏ 529 MB/4.7 GB  1.8 MB/s  38m52s[K[?25h[?2026l[?2026h[?25l[A[1Gpulling manifest [K
pulling 60e05f210007:  11% ▕██                ▏ 529 MB/4.7 GB  1.8 MB/s  38m52s[K[?25h[?2026l[?2026h[?25l[A[1Gpulling manifest [K
pulling 60e05f210007:  11% ▕██                ▏ 529 MB/4.7 GB  1.8 MB/s  38m52s[K[?25h[?2026l[?2026h[?25l[A[1Gpulling manifest [K
pulling 60e05f210007:  11% ▕██                ▏ 529 MB/4.7 GB  1.8 MB/s  38m52s[K[?25h[?2026l[?2026h[?25l[A[1Gpulling manifest [K
pulling 60e05f210007:  11% ▕██                ▏ 530 MB/4.7 GB  1.8 MB/s  38m52s[K[?25h[?2026l[?2026h[?25l[A[1Gpulling manifest [K
pulling 60e05f210007:  11% ▕██                ▏ 530 MB/4.7 GB  1.8 MB/s  38m51s[K[?25h[?2026l[?2026h[?25l[A[1Gpulling manifest [K
pulling 60e05f210007:  11% ▕██                ▏ 530 MB/4.7 GB  1.8 MB/s  38m47s[K[?25h[?2026l[?2026h[?25l[A[1Gpulling manifest [K
pulling 60e05f210007:  11% ▕██                ▏ 530 MB/4.7 GB  1.8 MB/s  38m47s[K[?25h[?2026l[?2026h[?25l[A[1Gpulling manifest [K
pulling 60e05f210007:  11% ▕██                ▏ 530 MB/4.7 GB  1.8 MB/s  38m46s[K[?25h[?2026l[?2026h[?25l[A[1Gpulling manifest [K
pulling 60e05f210007:  11% ▕██                ▏ 530 MB/4.7 GB  1.8 MB/s  38m46s[K[?25h[?2026l[?2026h[?25l[A[1Gpulling manifest [K
pulling 60e05f210007:  11% ▕██                ▏ 531 MB/4.7 GB  1.8 MB/s  38m46s[K[?25h[?2026l[?2026h[?25l[A[1Gpulling manifest [K
pulling 60e05f210007:  11% ▕██                ▏ 531 MB/4.7 GB  1.8 MB/s  38m46s[K[?25h[?2026l[?2026h[?25l[A[1Gpulling manifest [K
pulling 60e05f210007:  11% ▕██                ▏ 531 MB/4.7 GB  1.8 MB/s  38m46s[K[?25h[?2026l[?2026h[?25l[A[1Gpulling manifest [K
pulling 60e05f210007:  11% ▕██                ▏ 531 MB/4.7 GB  1.8 MB/s  38m46s[K[?25h[?2026l[?2026h[?25l[A[1Gpulling manifest [K
pulling 60e05f210007:  11% ▕██                ▏ 531 MB/4.7 GB  1.8 MB/s  38m46s[K[?25h[?2026l[?2026h[?25l[A[1Gpulling manifest [K
pulling 60e05f210007:  11% ▕██                ▏ 531 MB/4.7 GB  1.8 MB/s  38m46s[K[?25h[?2026l[?2026h[?25l[A[1Gpulling manifest [K
pulling 60e05f210007:  11% ▕██                ▏ 532 MB/4.7 GB  1.8 MB/s  38m58s[K[?25h[?2026l[?2026h[?25l[A[1Gpulling manifest [K
pulling 60e05f210007:  11% ▕██                ▏ 532 MB/4.7 GB  1.8 MB/s  38m58s[K[?25h[?2026l[?2026h[?25l[A[1Gpulling manifest [K
pulling 60e05f210007:  11% ▕██                ▏ 532 MB/4.7 GB  1.8 MB/s  38m57s[K[?25h[?2026l[?2026h[?25l[A[1Gpulling manifest [K
pulling 60e05f210007:  11% ▕██                ▏ 532 MB/4.7 GB  1.8 MB/s  38m57s[K[?25h[?2026l[?2026h[?25l[A[1Gpulling manifest [K
pulling 60e05f210007:  11% ▕██                ▏ 532 MB/4.7 GB  1.8 MB/s  38m57s[K[?25h[?2026l[?2026h[?25l[A[1Gpulling manifest [K
pulling 60e05f210007:  11% ▕██                ▏ 533 MB/4.7 GB  1.8 MB/s  38m57s[K[?25h[?2026l[?2026h[?25l[A[1Gpulling manifest [K
pulling 60e05f210007:  11% ▕██                ▏ 533 MB/4.7 GB  1.8 MB/s  38m57s[K[?25h[?2026l[?2026h[?25l[A[1Gpulling manifest [K
pulling 60e05f210007:  11% ▕██                ▏ 533 MB/4.7 GB  1.8 MB/s  38m57s[K[?25h[?2026l[?2026h[?25l[A[1Gpulling manifest [K
pulling 60e05f210007:  11% ▕██                ▏ 533 MB/4.7 GB  1.8 MB/s  38m57s[K[?25h[?2026l[?2026h[?25l[A[1Gpulling manifest [K
pulling 60e05f210007:  11% ▕██                ▏ 533 MB/4.7 GB  1.8 MB/s  38m57s[K[?25h[?2026l[?2026h[?25l[A[1Gpulling manifest [K
pulling 60e05f210007:  11% ▕██                ▏ 533 MB/4.7 GB  1.8 MB/s  38m55s[K[?25h[?2026l[?2026h[?25l[A[1Gpulling manifest [K
pulling 60e05f210007:  11% ▕██                ▏ 534 MB/4.7 GB  1.8 MB/s  38m55s[K[?25h[?2026l[?2026h[?25l[A[1Gpulling manifest [K
pulling 60e05f210007:  11% ▕██                ▏ 534 MB/4.7 GB  1.8 MB/s  38m55s[K[?25h[?2026l[?2026h[?25l[A[1Gpulling manifest [K
pulling 60e05f210007:  11% ▕██                ▏ 534 MB/4.7 GB  1.8 MB/s  38m55s[K[?25h[?2026l[?2026h[?25l[A[1Gpulling manifest [K
pulling 60e05f210007:  11% ▕██                ▏ 534 MB/4.7 GB  1.8 MB/s  38m55s[K[?25h[?2026l[?2026h[?25l[A[1Gpulling manifest [K
pulling 60e05f210007:  11% ▕██                ▏ 534 MB/4.7 GB  1.8 MB/s  38m55s[K[?25h[?2026l[?2026h[?25l[A[1Gpulling manifest [K
pulling 60e05f210007:  11% ▕██                ▏ 534 MB/4.7 GB  1.8 MB/s  38m55s[K[?25h[?2026l[?2026h[?25l[A[1Gpulling manifest [K
pulling 60e05f210007:  11% ▕██                ▏ 535 MB/4.7 GB  1.8 MB/s  38m55s[K[?25h[?2026l[?2026h[?25l[A[1Gpulling manifest [K
pulling 60e05f210007:  11% ▕██                ▏ 535 MB/4.7 GB  1.8 MB/s  38m55s[K[?25h[?2026l[?2026h[?25l[A[1Gpulling manifest [K
pulling 60e05f210007:  11% ▕██                ▏ 535 MB/4.7 GB  1.8 MB/s  38m55s[K[?25h[?2026l[?2026h[?25l[A[1Gpulling manifest [K
pulling 60e05f210007:  11% ▕██                ▏ 535 MB/4.7 GB  1.8 MB/s   39m5s[K[?25h[?2026l[?2026h[?25l[A[1Gpulling manifest [K
pulling 60e05f210007:  11% ▕██                ▏ 535 MB/4.7 GB  1.8 MB/s   39m5s[K[?25h[?2026l[?2026h[?25l[A[1Gpulling manifest [K
pulling 60e05f210007:  11% ▕██                ▏ 536 MB/4.7 GB  1.8 MB/s   39m4s[K[?25h[?2026l[?2026h[?25l[A[1Gpulling manifest [K
pulling 60e05f210007:  11% ▕██                ▏ 536 MB/4.7 GB  1.8 MB/s   39m4s[K[?25h[?2026l[?2026h[?25l[A[1Gpulling manifest [K
pulling 60e05f210007:  11% ▕██                ▏ 536 MB/4.7 GB  1.8 MB/s   39m4s[K[?25h[?2026l[?2026h[?25l[A[1Gpulling manifest [K
pulling 60e05f210007:  11% ▕██                ▏ 536 MB/4.7 GB  1.8 MB/s   39m4s[K[?25h[?2026l[?2026h[?25l[A[1Gpulling manifest [K
pulling 60e05f210007:  11% ▕██                ▏ 536 MB/4.7 GB  1.8 MB/s   39m4s[K[?25h[?2026l[?2026h[?25l[A[1Gpulling manifest [K
pulling 60e05f210007:  11% ▕██                ▏ 536 MB/4.7 GB  1.8 MB/s   39m4s[K[?25h[?2026l[?2026h[?25l[A[1Gpulling manifest [K
pulling 60e05f210007:  11% ▕██                ▏ 537 MB/4.7 GB  1.8 MB/s   39m4s[K[?25h[?2026l[?2026h[?25l[A[1Gpulling manifest [K
pulling 60e05f210007:  11% ▕██                ▏ 537 MB/4.7 GB  1.8 MB/s   39m4s[K[?25h[?2026l[?2026h[?25l[A[1Gpulling manifest [K
pulling 60e05f210007:  11% ▕██                ▏ 537 MB/4.7 GB  1.8 MB/s   39m4s[K[?25h[?2026l[?2026h[?25l[A[1Gpulling manifest [K
pulling 60e05f210007:  11% ▕██                ▏ 537 MB/4.7 GB  1.8 MB/s  38m40s[K[?25h[?2026l[?2026h[?25l[A[1Gpulling manifest [K
pulling 60e05f210007:  11% ▕██                ▏ 537 MB/4.7 GB  1.8 MB/s  38m40s[K[?25h[?2026l[?2026h[?25l[A[1Gpulling manifest [K
pulling 60e05f210007:  11% ▕██                ▏ 537 MB/4.7 GB  1.8 MB/s  38m39s[K[?25h[?2026l[?2026h[?25l[A[1Gpulling manifest [K
pulling 60e05f210007:  11% ▕██                ▏ 538 MB/4.7 GB  1.8 MB/s  38m39s[K[?25h[?2026l[?2026h[?25l[A[1Gpulling manifest [K
pulling 60e05f210007:  11% ▕██                ▏ 538 MB/4.7 GB  1.8 MB/s  38m39s[K[?25h[?2026l[?2026h[?25l[A[1Gpulling manifest [K
pulling 60e05f210007:  11% ▕██                ▏ 538 MB/4.7 GB  1.8 MB/s  38m39s[K[?25h[?2026l[?2026h[?25l[A[1Gpulling manifest [K
pulling 60e05f210007:  12% ▕██                ▏ 538 MB/4.7 GB  1.8 MB/s  38m39s[K[?25h[?2026l[?2026h[?25l[A[1Gpulling manifest [K
pulling 60e05f210007:  12% ▕██                ▏ 538 MB/4.7 GB  1.8 MB/s  38m39s[K[?25h[?2026l[?2026h[?25l[A[1Gpulling manifest [K
pulling 60e05f210007:  12% ▕██                ▏ 538 MB/4.7 GB  1.8 MB/s  38m39s[K[?25h[?2026l[?2026h[?25l[A[1Gpulling manifest [K
pulling 60e05f210007:  12% ▕██                ▏ 539 MB/4.7 GB  1.8 MB/s  38m39s[K[?25h[?2026l[?2026h[?25l[A[1Gpulling manifest [K
pulling 60e05f210007:  12% ▕██                ▏ 539 MB/4.7 GB  1.8 MB/s  38m43s[K[?25h[?2026l[?2026h[?25l[A[1Gpulling manifest [K
pulling 60e05f210007:  12% ▕██                ▏ 539 MB/4.7 GB  1.8 MB/s  38m43s[K[?25h[?2026l[?2026h[?25l[A[1Gpulling manifest [K
pulling 60e05f210007:  12% ▕██                ▏ 539 MB/4.7 GB  1.8 MB/s  38m43s[K[?25h[?2026l[?2026h[?25l[A[1Gpulling manifest [K
pulling 60e05f210007:  12% ▕██                ▏ 539 MB/4.7 GB  1.8 MB/s  38m43s[K[?25h[?2026l[?2026h[?25l[A[1Gpulling manifest [K
pulling 60e05f210007:  12% ▕██                ▏ 540 MB/4.7 GB  1.8 MB/s  38m42s[K[?25h[?2026l[?2026h[?25l[A[1Gpulling manifest [K
pulling 60e05f210007:  12% ▕██                ▏ 540 MB/4.7 GB  1.8 MB/s  38m42s[K[?25h[?2026l[?2026h[?25l[A[1Gpulling manifest [K
pulling 60e05f210007:  12% ▕██                ▏ 540 MB/4.7 GB  1.8 MB/s  38m42s[K[?25h[?2026l[?2026h[?25l[A[1Gpulling manifest [K
pulling 60e05f210007:  12% ▕██                ▏ 540 MB/4.7 GB  1.8 MB/s  38m42s[K[?25h[?2026l[?2026h[?25l[A[1Gpulling manifest [K
pulling 60e05f210007:  12% ▕██                ▏ 540 MB/4.7 GB  1.8 MB/s  38m42s[K[?25h[?2026l[?2026h[?25l[A[1Gpulling manifest [K
pulling 60e05f210007:  12% ▕██                ▏ 540 MB/4.7 GB  1.8 MB/s  38m42s[K[?25h[?2026l[?2026h[?25l[A[1Gpulling manifest [K
pulling 60e05f210007:  12% ▕██                ▏ 541 MB/4.7 GB  1.8 MB/s  38m50s[K[?25h[?2026l